###############################################################################
#
# IAR ANSI C/C++ Compiler V8.22.1.15669/W32 for ARM       21/Dec/2025  18:51:06
# Copyright 1999-2018 IAR Systems AB.
#
#    Cpu mode     =  thumb
#    Endian       =  little
#    Source file  =  
#        C:\Users\pnu3\Desktop\deskproject\Embedded_System_TermProject\user\main.c
#    Command line =  
#        -f C:\Users\pnu3\AppData\Local\Temp\EWC7CF.tmp
#        (C:\Users\pnu3\Desktop\deskproject\Embedded_System_TermProject\user\main.c
#        -D USE_STDPERIPH_DRIVER -D STM32F10X_CL -lC
#        C:\Users\pnu3\Desktop\deskproject\Embedded_System_TermProject\Debug\List
#        -o
#        C:\Users\pnu3\Desktop\deskproject\Embedded_System_TermProject\Debug\Obj
#        --no_cse --no_unroll --no_inline --no_code_motion --no_tbaa
#        --no_clustering --no_scheduling --debug --endian=little
#        --cpu=Cortex-M3 -e --fpu=None --dlib_config "C:\Program Files
#        (x86)\IAR Systems\Embedded Workbench
#        8.0\arm\INC\c\DLib_Config_Normal.h" -I
#        C:\Users\pnu3\Desktop\deskproject\Embedded_System_TermProject\libraries\CMSIS\DeviceSupport\
#        -I
#        C:\Users\pnu3\Desktop\deskproject\Embedded_System_TermProject\libraries\CMSIS\DeviceSupport\Startup\
#        -I
#        C:\Users\pnu3\Desktop\deskproject\Embedded_System_TermProject\libraries\STM32F10x_StdPeriph_Driver_v3.5\inc\
#        -I
#        C:\Users\pnu3\Desktop\deskproject\Embedded_System_TermProject\libraries\STM32F10x_StdPeriph_Driver_v3.5\src\
#        -I C:\Users\pnu3\Desktop\deskproject\Embedded_System_TermProject\user\
#        -I
#        C:\Users\pnu3\Desktop\deskproject\Embedded_System_TermProject\user\inc\
#        -I
#        C:\Users\pnu3\Desktop\deskproject\Embedded_System_TermProject\libraries\LCD\
#        -I
#        C:\Users\pnu3\Desktop\deskproject\Embedded_System_TermProject\Micrium\Software\uC-CPU\
#        -I
#        C:\Users\pnu3\Desktop\deskproject\Embedded_System_TermProject\Micrium\Software\uC-CPU\ARM-Cortex-M\ARMv7-M\IAR\
#        -I
#        C:\Users\pnu3\Desktop\deskproject\Embedded_System_TermProject\Micrium\Software\uCOS-III\Source\
#        -I
#        C:\Users\pnu3\Desktop\deskproject\Embedded_System_TermProject\Micrium\Software\uCOS-III\Ports\ARM-Cortex-M\ARMv7-M\IAR\
#        -I
#        C:\Users\pnu3\Desktop\deskproject\Embedded_System_TermProject\user\uCOS-III\
#        -I
#        C:\Users\pnu3\Desktop\deskproject\Embedded_System_TermProject\Micrium\Software\uC-LIB\
#        -Ol -I "C:\Program Files (x86)\IAR Systems\Embedded Workbench
#        8.0\arm\CMSIS\Core\Include\" -I "C:\Program Files (x86)\IAR
#        Systems\Embedded Workbench 8.0\arm\CMSIS\DSP\Include\")
#    Locale       =  C
#    List file    =  
#        C:\Users\pnu3\Desktop\deskproject\Embedded_System_TermProject\Debug\List\main.lst
#    Object file  =  
#        C:\Users\pnu3\Desktop\deskproject\Embedded_System_TermProject\Debug\Obj\main.o
#
###############################################################################

C:\Users\pnu3\Desktop\deskproject\Embedded_System_TermProject\user\main.c
      1          #include <includes.h>
      2          #include "app_tasks.h"
      3          
      4          // Start Task TCB & Stack

   \                                 In section .bss, align 4
      5          static OS_TCB AppTaskStartTCB;
   \                     AppTaskStartTCB:
   \   00000000                      DS8 168

   \                                 In section .bss, align 4
      6          static CPU_STK AppTaskStartStk[256];
   \                     AppTaskStartStk:
   \   00000000                      DS8 1024
      7          

   \                                 In section .text, align 4, keep-with-next
      8          int main(void) {
   \                     main: (+1)
   \   00000000   0xB580             PUSH     {R7,LR}
   \   00000002   0xB08A             SUB      SP,SP,#+40
      9              OS_ERR err;
     10          
     11              OSInit(&err);
   \   00000004   0xA809             ADD      R0,SP,#+36
   \   00000006   0x.... 0x....      BL       OSInit
     12          
     13              // Create the Start Task
     14              OSTaskCreate((OS_TCB *)&AppTaskStartTCB,
     15                           (CPU_CHAR *)"App Task Start",
     16                           (OS_TASK_PTR)AppTaskStart,
     17                           (void *)0,
     18                           (OS_PRIO)3,
     19                           (CPU_STK *)&AppTaskStartStk[0],
     20                           (CPU_STK_SIZE)25,
     21                           (CPU_STK_SIZE)256,
     22                           (OS_MSG_QTY)0,
     23                           (OS_TICK)0,
     24                           (void *)0,
     25                           (OS_OPT)(OS_OPT_TASK_STK_CHK | OS_OPT_TASK_STK_CLR),
     26                           (OS_ERR *)&err);
   \   0000000A   0xA809             ADD      R0,SP,#+36
   \   0000000C   0x9008             STR      R0,[SP, #+32]
   \   0000000E   0x2003             MOVS     R0,#+3
   \   00000010   0x9007             STR      R0,[SP, #+28]
   \   00000012   0x2000             MOVS     R0,#+0
   \   00000014   0x9006             STR      R0,[SP, #+24]
   \   00000016   0x2000             MOVS     R0,#+0
   \   00000018   0x9005             STR      R0,[SP, #+20]
   \   0000001A   0x2000             MOVS     R0,#+0
   \   0000001C   0x9004             STR      R0,[SP, #+16]
   \   0000001E   0xF44F 0x7080      MOV      R0,#+256
   \   00000022   0x9003             STR      R0,[SP, #+12]
   \   00000024   0x2019             MOVS     R0,#+25
   \   00000026   0x9002             STR      R0,[SP, #+8]
   \   00000028   0x4807             LDR.N    R0,??main_0
   \   0000002A   0x9001             STR      R0,[SP, #+4]
   \   0000002C   0x2003             MOVS     R0,#+3
   \   0000002E   0x9000             STR      R0,[SP, #+0]
   \   00000030   0x2300             MOVS     R3,#+0
   \   00000032   0x4A06             LDR.N    R2,??main_0+0x4
   \   00000034   0x4906             LDR.N    R1,??main_0+0x8
   \   00000036   0x4807             LDR.N    R0,??main_0+0xC
   \   00000038   0x.... 0x....      BL       OSTaskCreate
     27          
     28              OSStart(&err);
   \   0000003C   0xA809             ADD      R0,SP,#+36
   \   0000003E   0x.... 0x....      BL       OSStart
     29          
     30              return 0;
   \   00000042   0x2000             MOVS     R0,#+0
   \   00000044   0xB00B             ADD      SP,SP,#+44
   \   00000046   0xBD00             POP      {PC}             ;; return
   \                     ??main_0:
   \   00000048   0x........         DC32     AppTaskStartStk
   \   0000004C   0x........         DC32     AppTaskStart
   \   00000050   0x........         DC32     ?_0
   \   00000054   0x........         DC32     AppTaskStartTCB
     31          }

   \                                 In section .rodata, align 4
   \                     ?_0:
   \   00000000   0x41 0x70          DC8 "App Task Start"
   \              0x70 0x20    
   \              0x54 0x61    
   \              0x73 0x6B    
   \              0x20 0x53    
   \              0x74 0x61    
   \              0x72 0x74    
   \              0x00         
   \   0000000F   0x00               DC8 0

   Maximum stack usage in bytes:

   .cstack Function
   ------- --------
      48   main
        48   -> OSInit
        48   -> OSStart
        48   -> OSTaskCreate


   Section sizes:

   Bytes  Function/Label
   -----  --------------
      16  ?_0
    1024  AppTaskStartStk
     168  AppTaskStartTCB
      88  main

 
 1 192 bytes in section .bss
    16 bytes in section .rodata
    88 bytes in section .text
 
    88 bytes of CODE  memory
    16 bytes of CONST memory
 1 192 bytes of DATA  memory

Errors: none
Warnings: none
