###############################################################################
#
# IAR ELF Linker V8.22.1.15669/W32 for ARM                20/Dec/2025  16:36:59
# Copyright 2007-2018 IAR Systems AB.
#
#    Output file  =  
#        C:\Users\pnu3\Desktop\deskproject\Embedded_System_TermProject\Debug\Exe\test.out
#    Map file     =  
#        C:\Users\pnu3\Desktop\deskproject\Embedded_System_TermProject\Debug\List\test.map
#    Command line =  
#        -f C:\Users\pnu3\AppData\Local\Temp\EWA27C.tmp
#        (C:\Users\pnu3\Desktop\deskproject\Embedded_System_TermProject\Debug\Obj\app_tasks.o
#        C:\Users\pnu3\Desktop\deskproject\Embedded_System_TermProject\Debug\Obj\bluetooth.o
#        C:\Users\pnu3\Desktop\deskproject\Embedded_System_TermProject\Debug\Obj\bsp.o
#        C:\Users\pnu3\Desktop\deskproject\Embedded_System_TermProject\Debug\Obj\core_cm3.o
#        C:\Users\pnu3\Desktop\deskproject\Embedded_System_TermProject\Debug\Obj\cpu_a.o
#        C:\Users\pnu3\Desktop\deskproject\Embedded_System_TermProject\Debug\Obj\cpu_core.o
#        C:\Users\pnu3\Desktop\deskproject\Embedded_System_TermProject\Debug\Obj\lcd.o
#        C:\Users\pnu3\Desktop\deskproject\Embedded_System_TermProject\Debug\Obj\lib_ascii.o
#        C:\Users\pnu3\Desktop\deskproject\Embedded_System_TermProject\Debug\Obj\lib_math.o
#        C:\Users\pnu3\Desktop\deskproject\Embedded_System_TermProject\Debug\Obj\lib_mem.o
#        C:\Users\pnu3\Desktop\deskproject\Embedded_System_TermProject\Debug\Obj\lib_str.o
#        C:\Users\pnu3\Desktop\deskproject\Embedded_System_TermProject\Debug\Obj\main.o
#        C:\Users\pnu3\Desktop\deskproject\Embedded_System_TermProject\Debug\Obj\misc.o
#        C:\Users\pnu3\Desktop\deskproject\Embedded_System_TermProject\Debug\Obj\os_cfg_app.o
#        C:\Users\pnu3\Desktop\deskproject\Embedded_System_TermProject\Debug\Obj\os_core.o
#        C:\Users\pnu3\Desktop\deskproject\Embedded_System_TermProject\Debug\Obj\os_cpu_a.o
#        C:\Users\pnu3\Desktop\deskproject\Embedded_System_TermProject\Debug\Obj\os_cpu_c.o
#        C:\Users\pnu3\Desktop\deskproject\Embedded_System_TermProject\Debug\Obj\os_dbg.o
#        C:\Users\pnu3\Desktop\deskproject\Embedded_System_TermProject\Debug\Obj\os_flag.o
#        C:\Users\pnu3\Desktop\deskproject\Embedded_System_TermProject\Debug\Obj\os_mem.o
#        C:\Users\pnu3\Desktop\deskproject\Embedded_System_TermProject\Debug\Obj\os_msg.o
#        C:\Users\pnu3\Desktop\deskproject\Embedded_System_TermProject\Debug\Obj\os_mutex.o
#        C:\Users\pnu3\Desktop\deskproject\Embedded_System_TermProject\Debug\Obj\os_prio.o
#        C:\Users\pnu3\Desktop\deskproject\Embedded_System_TermProject\Debug\Obj\os_q.o
#        C:\Users\pnu3\Desktop\deskproject\Embedded_System_TermProject\Debug\Obj\os_sem.o
#        C:\Users\pnu3\Desktop\deskproject\Embedded_System_TermProject\Debug\Obj\os_stat.o
#        C:\Users\pnu3\Desktop\deskproject\Embedded_System_TermProject\Debug\Obj\os_task.o
#        C:\Users\pnu3\Desktop\deskproject\Embedded_System_TermProject\Debug\Obj\os_tick.o
#        C:\Users\pnu3\Desktop\deskproject\Embedded_System_TermProject\Debug\Obj\os_time.o
#        C:\Users\pnu3\Desktop\deskproject\Embedded_System_TermProject\Debug\Obj\os_tmr.o
#        C:\Users\pnu3\Desktop\deskproject\Embedded_System_TermProject\Debug\Obj\os_var.o
#        C:\Users\pnu3\Desktop\deskproject\Embedded_System_TermProject\Debug\Obj\startup_stm32f10x_cl.o
#        C:\Users\pnu3\Desktop\deskproject\Embedded_System_TermProject\Debug\Obj\stm32f10x_adc.o
#        C:\Users\pnu3\Desktop\deskproject\Embedded_System_TermProject\Debug\Obj\stm32f10x_bkp.o
#        C:\Users\pnu3\Desktop\deskproject\Embedded_System_TermProject\Debug\Obj\stm32f10x_can.o
#        C:\Users\pnu3\Desktop\deskproject\Embedded_System_TermProject\Debug\Obj\stm32f10x_cec.o
#        C:\Users\pnu3\Desktop\deskproject\Embedded_System_TermProject\Debug\Obj\stm32f10x_crc.o
#        C:\Users\pnu3\Desktop\deskproject\Embedded_System_TermProject\Debug\Obj\stm32f10x_dac.o
#        C:\Users\pnu3\Desktop\deskproject\Embedded_System_TermProject\Debug\Obj\stm32f10x_dbgmcu.o
#        C:\Users\pnu3\Desktop\deskproject\Embedded_System_TermProject\Debug\Obj\stm32f10x_dma.o
#        C:\Users\pnu3\Desktop\deskproject\Embedded_System_TermProject\Debug\Obj\stm32f10x_exti.o
#        C:\Users\pnu3\Desktop\deskproject\Embedded_System_TermProject\Debug\Obj\stm32f10x_flash.o
#        C:\Users\pnu3\Desktop\deskproject\Embedded_System_TermProject\Debug\Obj\stm32f10x_fsmc.o
#        C:\Users\pnu3\Desktop\deskproject\Embedded_System_TermProject\Debug\Obj\stm32f10x_gpio.o
#        C:\Users\pnu3\Desktop\deskproject\Embedded_System_TermProject\Debug\Obj\stm32f10x_i2c.o
#        C:\Users\pnu3\Desktop\deskproject\Embedded_System_TermProject\Debug\Obj\stm32f10x_it.o
#        C:\Users\pnu3\Desktop\deskproject\Embedded_System_TermProject\Debug\Obj\stm32f10x_iwdg.o
#        C:\Users\pnu3\Desktop\deskproject\Embedded_System_TermProject\Debug\Obj\stm32f10x_pwr.o
#        C:\Users\pnu3\Desktop\deskproject\Embedded_System_TermProject\Debug\Obj\stm32f10x_rcc.o
#        C:\Users\pnu3\Desktop\deskproject\Embedded_System_TermProject\Debug\Obj\stm32f10x_rtc.o
#        C:\Users\pnu3\Desktop\deskproject\Embedded_System_TermProject\Debug\Obj\stm32f10x_sdio.o
#        C:\Users\pnu3\Desktop\deskproject\Embedded_System_TermProject\Debug\Obj\stm32f10x_spi.o
#        C:\Users\pnu3\Desktop\deskproject\Embedded_System_TermProject\Debug\Obj\stm32f10x_tim.o
#        C:\Users\pnu3\Desktop\deskproject\Embedded_System_TermProject\Debug\Obj\stm32f10x_usart.o
#        C:\Users\pnu3\Desktop\deskproject\Embedded_System_TermProject\Debug\Obj\stm32f10x_wwdg.o
#        C:\Users\pnu3\Desktop\deskproject\Embedded_System_TermProject\Debug\Obj\system_stm32f10x.o
#        C:\Users\pnu3\Desktop\deskproject\Embedded_System_TermProject\Debug\Obj\touch.o
#        -o
#        C:\Users\pnu3\Desktop\deskproject\Embedded_System_TermProject\Debug\Exe\test.out
#        --map
#        C:\Users\pnu3\Desktop\deskproject\Embedded_System_TermProject\Debug\List\test.map
#        --log
#        libraries,initialization,modules,redirects,sections,veneers,unused_fragments,call_graph
#        --log_file
#        C:\Users\pnu3\Desktop\deskproject\Embedded_System_TermProject\Debug\List\test.log
#        --config "C:\Program Files (x86)\IAR Systems\Embedded Workbench
#        8.0\arm\config\linker\ST\stm32f107xC.icf" --semihosting --entry
#        __iar_program_start --vfe --text_out locale)
#
###############################################################################

*******************************************************************************
*** RUNTIME MODEL ATTRIBUTES
***

CppFlavor       = *
__SystemLibrary = DLib
__dlib_version  = 6


*******************************************************************************
*** HEAP SELECTION
***

The basic heap was selected because some modules are built with
size limitations (and not runtime checking), and --advanced_heap
was not specified.


*******************************************************************************
*** PLACEMENT SUMMARY
***

"A0":  place at 0x08000000 { ro section .intvec };
"P1":  place in [from 0x08000000 to 0x0803ffff] { ro };
define block CSTACK with size = 4K, alignment = 8 { };
define block HEAP with size = 4K, alignment = 8 { };
"P2":  place in [from 0x20000000 to 0x2000ffff] {
          rw, block CSTACK, block HEAP };
initialize by copy { rw };

  Section            Kind        Address    Size  Object
  -------            ----        -------    ----  ------
"A0":                                      0x150
  .intvec            ro code  0x08000000   0x150  startup_stm32f10x_cl.o [1]
                            - 0x08000150   0x150

"P1":                                     0x5678
  .text              ro code  0x08000150   0x958  lcd.o [1]
  .text              ro code  0x08000aa8   0x14c  stm32f10x_gpio.o [1]
  .text              ro code  0x08000bf4   0x168  stm32f10x_rcc.o [1]
  .text              ro code  0x08000d5c   0x798  os_core.o [1]
  .text              ro code  0x080014f4   0x1c8  os_cpu_c.o [1]
  .text              ro code  0x080016bc    0xac  os_prio.o [1]
  .text              ro code  0x08001768     0x6  os_mem.o [1]
  .text              ro code  0x0800176e     0xa  xsprout.o [3]
  .text              ro code  0x08001778   0x1b8  os_msg.o [1]
  .text              ro code  0x08001930   0x554  os_task.o [1]
  .text              ro code  0x08001e84   0x2b0  os_tick.o [1]
  .text              ro code  0x08002134   0x258  os_stat.o [1]
  .text              ro code  0x0800238c   0x478  os_tmr.o [1]
  .text              ro code  0x08002804     0x2  os_cfg_app.o [1]
  .rodata            const    0x08002806     0x2  os_cfg_app.o [1]
  CODE               ro code  0x08002808    0x54  cpu_a.o [1]
  CODE               ro code  0x0800285c   0x10c  os_cpu_a.o [1]
  .text              ro code  0x08002968   0x22c  os_time.o [1]
  .text              ro code  0x08002b94   0x2a4  os_mutex.o [1]
  .rodata            const    0x08002e38   0x5f0  lcd.o [1]
  .rodata            const    0x08003428   0x594  lcd.o [1]
  .text              ro code  0x080039bc   0x4dc  app_tasks.o [1]
  .text              ro code  0x08003e98   0x398  bsp.o [1]
  .text              ro code  0x08004230   0x328  os_q.o [1]
  .text              ro code  0x08004558    0x40  sprintf.o [3]
  .text              ro code  0x08004598   0x1a0  stm32f10x_adc.o [1]
  .text              ro code  0x08004738   0x180  stm32f10x_tim.o [1]
  .text              ro code  0x080048b8    0xc0  stm32f10x_exti.o [1]
  .text              ro code  0x08004978    0x70  misc.o [1]
  .text              ro code  0x080049e8   0x1a4  stm32f10x_usart.o [1]
  .text              ro code  0x08004b8c   0x142  xprintftiny.o [3]
  .rodata            const    0x08004cce     0x1  app_tasks.o [1]
  .rodata            const    0x08004ccf     0x1  os_cfg_app.o [1]
  .text              ro code  0x08004cd0    0x36  strlen.o [5]
  .rodata            const    0x08004d06     0x1  os_cfg_app.o [1]
  .rodata            const    0x08004d08   0x474  lcd.o [1]
  .text              ro code  0x0800517c   0x1a4  system_stm32f10x.o [1]
  .text              ro code  0x08005320    0xe0  stm32f10x_it.o [1]
  .text              ro code  0x08005400    0x58  main.o [1]
  .text              ro code  0x08005458    0x40  zero_init3.o [5]
  .text              ro code  0x08005498    0x2c  copy_init3.o [5]
  .text              ro code  0x080054c4    0x28  data_init.o [5]
  .iar.init_table    const    0x080054ec    0x24  - Linker created -
  .text              ro code  0x08005510    0x1e  cmain.o [5]
  .text              ro code  0x0800552e     0x4  low_level_init.o [3]
  .text              ro code  0x08005532     0x4  exit.o [3]
  .text              ro code  0x08005538     0xa  cexit.o [5]
  .text              ro code  0x08005544    0x14  exit.o [6]
  Initializer bytes  const    0x08005558    0x18  <for P2-1>
  .rodata            const    0x08005570    0x14  app_tasks.o [1]
  .rodata            const    0x08005584    0x14  app_tasks.o [1]
  .rodata            const    0x08005598    0x14  app_tasks.o [1]
  .rodata            const    0x080055ac    0x14  app_tasks.o [1]
  .rodata            const    0x080055c0    0x10  app_tasks.o [1]
  .rodata            const    0x080055d0    0x10  app_tasks.o [1]
  .rodata            const    0x080055e0    0x10  app_tasks.o [1]
  .rodata            const    0x080055f0    0x10  app_tasks.o [1]
  .rodata            const    0x08005600    0x10  main.o [1]
  .text              ro code  0x08005610    0x10  startup_stm32f10x_cl.o [1]
  .rodata            const    0x08005620     0xc  app_tasks.o [1]
  .rodata            const    0x0800562c     0xc  app_tasks.o [1]
  .rodata            const    0x08005638     0xc  app_tasks.o [1]
  .text              ro code  0x08005644     0xc  cstartup_M.o [5]
  .rodata            const    0x08005650     0x8  app_tasks.o [1]
  .rodata            const    0x08005658     0x8  app_tasks.o [1]
  .rodata            const    0x08005660     0x8  app_tasks.o [1]
  .rodata            const    0x08005668     0x8  app_tasks.o [1]
  .rodata            const    0x08005670     0x4  os_cfg_app.o [1]
  .rodata            const    0x08005674     0x4  os_cfg_app.o [1]
  .rodata            const    0x08005678     0x4  os_cfg_app.o [1]
  .rodata            const    0x0800567c     0x4  os_cfg_app.o [1]
  .rodata            const    0x08005680     0x4  os_cfg_app.o [1]
  .rodata            const    0x08005684     0x4  os_cfg_app.o [1]
  .rodata            const    0x08005688     0x4  os_cfg_app.o [1]
  .rodata            const    0x0800568c     0x4  os_cfg_app.o [1]
  .rodata            const    0x08005690     0x4  os_cfg_app.o [1]
  .rodata            const    0x08005694     0x4  os_cfg_app.o [1]
  .rodata            const    0x08005698     0x4  os_cfg_app.o [1]
  .rodata            const    0x0800569c     0x4  os_cfg_app.o [1]
  .rodata            const    0x080056a0     0x4  os_cfg_app.o [1]
  .rodata            const    0x080056a4     0x4  os_cfg_app.o [1]
  .rodata            const    0x080056a8     0x4  os_cfg_app.o [1]
  .rodata            const    0x080056ac     0x4  os_cfg_app.o [1]
  .text              ro code  0x080056b0     0x4  startup_stm32f10x_cl.o [1]
  .text              ro code  0x080056b4     0x4  startup_stm32f10x_cl.o [1]
  .text              ro code  0x080056b8     0x4  startup_stm32f10x_cl.o [1]
  .text              ro code  0x080056bc     0x4  startup_stm32f10x_cl.o [1]
  .text              ro code  0x080056c0     0x4  startup_stm32f10x_cl.o [1]
  .text              ro code  0x080056c4     0x4  startup_stm32f10x_cl.o [1]
  .text              ro code  0x080056c8     0x4  startup_stm32f10x_cl.o [1]
  .text              ro code  0x080056cc     0x4  startup_stm32f10x_cl.o [1]
  .text              ro code  0x080056d0     0x4  startup_stm32f10x_cl.o [1]
  .text              ro code  0x080056d4     0x4  startup_stm32f10x_cl.o [1]
  .text              ro code  0x080056d8     0x4  startup_stm32f10x_cl.o [1]
  .text              ro code  0x080056dc     0x4  startup_stm32f10x_cl.o [1]
  .text              ro code  0x080056e0     0x4  startup_stm32f10x_cl.o [1]
  .text              ro code  0x080056e4     0x4  startup_stm32f10x_cl.o [1]
  .text              ro code  0x080056e8     0x4  startup_stm32f10x_cl.o [1]
  .text              ro code  0x080056ec     0x4  startup_stm32f10x_cl.o [1]
  .text              ro code  0x080056f0     0x4  startup_stm32f10x_cl.o [1]
  .text              ro code  0x080056f4     0x4  startup_stm32f10x_cl.o [1]
  .text              ro code  0x080056f8     0x4  startup_stm32f10x_cl.o [1]
  .text              ro code  0x080056fc     0x4  startup_stm32f10x_cl.o [1]
  .text              ro code  0x08005700     0x4  startup_stm32f10x_cl.o [1]
  .text              ro code  0x08005704     0x4  startup_stm32f10x_cl.o [1]
  .text              ro code  0x08005708     0x4  startup_stm32f10x_cl.o [1]
  .text              ro code  0x0800570c     0x4  startup_stm32f10x_cl.o [1]
  .text              ro code  0x08005710     0x4  startup_stm32f10x_cl.o [1]
  .text              ro code  0x08005714     0x4  startup_stm32f10x_cl.o [1]
  .text              ro code  0x08005718     0x4  startup_stm32f10x_cl.o [1]
  .text              ro code  0x0800571c     0x4  startup_stm32f10x_cl.o [1]
  .text              ro code  0x08005720     0x4  startup_stm32f10x_cl.o [1]
  .text              ro code  0x08005724     0x4  startup_stm32f10x_cl.o [1]
  .text              ro code  0x08005728     0x4  startup_stm32f10x_cl.o [1]
  .text              ro code  0x0800572c     0x4  startup_stm32f10x_cl.o [1]
  .text              ro code  0x08005730     0x4  startup_stm32f10x_cl.o [1]
  .text              ro code  0x08005734     0x4  startup_stm32f10x_cl.o [1]
  .text              ro code  0x08005738     0x4  startup_stm32f10x_cl.o [1]
  .text              ro code  0x0800573c     0x4  startup_stm32f10x_cl.o [1]
  .text              ro code  0x08005740     0x4  startup_stm32f10x_cl.o [1]
  .text              ro code  0x08005744     0x4  startup_stm32f10x_cl.o [1]
  .text              ro code  0x08005748     0x4  startup_stm32f10x_cl.o [1]
  .text              ro code  0x0800574c     0x4  startup_stm32f10x_cl.o [1]
  .text              ro code  0x08005750     0x4  startup_stm32f10x_cl.o [1]
  .text              ro code  0x08005754     0x4  startup_stm32f10x_cl.o [1]
  .text              ro code  0x08005758     0x4  startup_stm32f10x_cl.o [1]
  .text              ro code  0x0800575c     0x4  startup_stm32f10x_cl.o [1]
  .text              ro code  0x08005760     0x4  startup_stm32f10x_cl.o [1]
  .text              ro code  0x08005764     0x4  startup_stm32f10x_cl.o [1]
  .text              ro code  0x08005768     0x4  startup_stm32f10x_cl.o [1]
  .text              ro code  0x0800576c     0x4  startup_stm32f10x_cl.o [1]
  .text              ro code  0x08005770     0x4  startup_stm32f10x_cl.o [1]
  .text              ro code  0x08005774     0x4  startup_stm32f10x_cl.o [1]
  .text              ro code  0x08005778     0x4  startup_stm32f10x_cl.o [1]
  .text              ro code  0x0800577c     0x4  startup_stm32f10x_cl.o [1]
  .text              ro code  0x08005780     0x4  startup_stm32f10x_cl.o [1]
  .text              ro code  0x08005784     0x4  startup_stm32f10x_cl.o [1]
  .text              ro code  0x08005788     0x4  startup_stm32f10x_cl.o [1]
  .text              ro code  0x0800578c     0x4  startup_stm32f10x_cl.o [1]
  .text              ro code  0x08005790     0x4  startup_stm32f10x_cl.o [1]
  .text              ro code  0x08005794     0x4  startup_stm32f10x_cl.o [1]
  .text              ro code  0x08005798     0x4  startup_stm32f10x_cl.o [1]
  .text              ro code  0x0800579c     0x4  startup_stm32f10x_cl.o [1]
  .text              ro code  0x080057a0     0x4  startup_stm32f10x_cl.o [1]
  .text              ro code  0x080057a4     0x4  startup_stm32f10x_cl.o [1]
  .text              ro code  0x080057a8     0x4  startup_stm32f10x_cl.o [1]
  .text              ro code  0x080057ac     0x4  startup_stm32f10x_cl.o [1]
  .text              ro code  0x080057b0     0x4  startup_stm32f10x_cl.o [1]
  .text              ro code  0x080057b4     0x4  startup_stm32f10x_cl.o [1]
  .text              ro code  0x080057b8     0x4  startup_stm32f10x_cl.o [1]
  .text              ro code  0x080057bc     0x4  startup_stm32f10x_cl.o [1]
  .text              ro code  0x080057c0     0x4  startup_stm32f10x_cl.o [1]
  .text              ro code  0x080057c4     0x4  startup_stm32f10x_cl.o [1]
  .rodata            const    0x080057c8     0x0  zero_init3.o [5]
  .rodata            const    0x080057c8     0x0  copy_init3.o [5]
                            - 0x080057c8  0x5678

"P2", part 1 of 3:                          0x18
  P2-1                        0x20000000    0x15  <Init block>
    .data            inited   0x20000000    0x10  stm32f10x_rcc.o [1]
    .data            inited   0x20000010     0x4  stm32f10x_rcc.o [1]
    .data            inited   0x20000014     0x1  app_tasks.o [1]
                            - 0x20000015    0x15

"P2", part 2 of 3:                        0x2108
  .bss               zero     0x20000018   0x400  app_tasks.o [1]
  .bss               zero     0x20000418   0x400  main.o [1]
  .bss               zero     0x20000818   0x200  app_tasks.o [1]
  .bss               zero     0x20000a18   0x200  app_tasks.o [1]
  .bss               zero     0x20000c18   0x200  app_tasks.o [1]
  .bss               zero     0x20000e18   0x200  app_tasks.o [1]
  .bss               zero     0x20001018   0x200  os_cfg_app.o [1]
  .bss               zero     0x20001218   0x200  os_cfg_app.o [1]
  .bss               zero     0x20001418   0x200  os_var.o [1]
  .bss               zero     0x20001618   0x190  os_cfg_app.o [1]
  .bss               zero     0x200017a8   0x180  os_cfg_app.o [1]
  .bss               zero     0x20001928   0x100  os_cfg_app.o [1]
  .bss               zero     0x20001a28    0xa8  app_tasks.o [1]
  .bss               zero     0x20001ad0    0xa8  app_tasks.o [1]
  .bss               zero     0x20001b78    0xa8  app_tasks.o [1]
  .bss               zero     0x20001c20    0xa8  app_tasks.o [1]
  .bss               zero     0x20001cc8    0xa8  app_tasks.o [1]
  .bss               zero     0x20001d70    0xa8  main.o [1]
  .bss               zero     0x20001e18    0xa8  os_var.o [1]
  .bss               zero     0x20001ec0    0xa8  os_var.o [1]
  .bss               zero     0x20001f68    0xa8  os_var.o [1]
  .bss               zero     0x20002010    0x18  app_tasks.o [1]
  .bss               zero     0x20002028    0x18  app_tasks.o [1]
  .bss               zero     0x20002040    0x18  app_tasks.o [1]
  .bss               zero     0x20002058    0x18  app_tasks.o [1]
  .bss               zero     0x20002070    0x18  os_var.o [1]
  .bss               zero     0x20002088    0x10  os_var.o [1]
  .bss               zero     0x20002098     0x8  os_var.o [1]
  .bss               zero     0x200020a0     0x8  os_var.o [1]
  .bss               zero     0x200020a8     0x4  app_tasks.o [1]
  .bss               zero     0x200020ac     0x4  app_tasks.o [1]
  .bss               zero     0x200020b0     0x4  os_cpu_c.o [1]
  .bss               zero     0x200020b4     0x4  os_cpu_c.o [1]
  .bss               zero     0x200020b8     0x4  os_var.o [1]
  .bss               zero     0x200020bc     0x4  os_var.o [1]
  .bss               zero     0x200020c0     0x4  os_var.o [1]
  .bss               zero     0x200020c4     0x4  os_var.o [1]
  .bss               zero     0x200020c8     0x4  os_var.o [1]
  .bss               zero     0x200020cc     0x4  os_var.o [1]
  .bss               zero     0x200020d0     0x4  os_var.o [1]
  .bss               zero     0x200020d4     0x4  os_var.o [1]
  .bss               zero     0x200020d8     0x4  os_var.o [1]
  .bss               zero     0x200020dc     0x4  os_var.o [1]
  .bss               zero     0x200020e0     0x4  os_var.o [1]
  .bss               zero     0x200020e4     0x4  os_var.o [1]
  .bss               zero     0x200020e8     0x4  os_var.o [1]
  .bss               zero     0x200020ec     0x4  os_var.o [1]
  .bss               zero     0x200020f0     0x4  os_var.o [1]
  .bss               zero     0x200020f4     0x4  os_var.o [1]
  .bss               zero     0x200020f8     0x4  os_var.o [1]
  .bss               zero     0x200020fc     0x4  os_var.o [1]
  .bss               zero     0x20002100     0x4  os_var.o [1]
  .bss               zero     0x20002104     0x4  os_var.o [1]
  .bss               zero     0x20002108     0x4  os_var.o [1]
  .bss               zero     0x2000210c     0x2  lcd.o [1]
  .bss               zero     0x2000210e     0x2  os_var.o [1]
  .bss               zero     0x20002110     0x2  os_var.o [1]
  .bss               zero     0x20002112     0x2  os_var.o [1]
  .bss               zero     0x20002114     0x1  app_tasks.o [1]
  .bss               zero     0x20002115     0x1  os_var.o [1]
  .bss               zero     0x20002116     0x1  os_var.o [1]
  .bss               zero     0x20002117     0x1  os_var.o [1]
  .bss               zero     0x20002118     0x1  os_var.o [1]
  .bss               zero     0x20002119     0x1  os_var.o [1]
  .bss               zero     0x2000211a     0x1  os_var.o [1]
  .bss               zero     0x2000211b     0x1  os_var.o [1]
  .bss               zero     0x2000211c     0x1  os_var.o [1]
  .bss               zero     0x2000211d     0x1  os_var.o [1]
  .bss               zero     0x2000211e     0x1  os_var.o [1]
                            - 0x2000211f  0x2107

"P2", part 3 of 3:                        0x1000
  CSTACK                      0x20002120  0x1000  <Block>
    CSTACK           uninit   0x20002120  0x1000  <Block tail>
                            - 0x20003120  0x1000


*******************************************************************************
*** INIT TABLE
***

          Address     Size
          -------     ----
Zero (__iar_zero_init3)
    1 destination range, total size 0x2107:
          0x20000018  0x2107

Copy (__iar_copy_init3)
    1 source range, total size 0x18 (114% of destination):
          0x08005558    0x18
    1 destination range, total size 0x15:
          0x20000000    0x15



*******************************************************************************
*** MODULE SUMMARY
***

    Module                  ro code  ro data  rw data
    ------                  -------  -------  -------
C:\Users\pnu3\Desktop\deskproject\Embedded_System_TermProject\Debug\Obj: [1]
    app_tasks.o               1 244      214    4 018
    bsp.o                       920
    cpu_a.o                      84
    lcd.o                     2 392    4 088        2
    main.o                       88       16    1 192
    misc.o                      112
    os_cfg_app.o                  2       68    2 064
    os_core.o                 1 944
    os_cpu_a.o                  268
    os_cpu_c.o                  456                 8
    os_mem.o                      6
    os_msg.o                    440
    os_mutex.o                  676
    os_prio.o                   172
    os_q.o                      808
    os_stat.o                   600
    os_task.o                 1 364
    os_tick.o                   688
    os_time.o                   556
    os_tmr.o                  1 144
    os_var.o                                    1 172
    startup_stm32f10x_cl.o      632
    stm32f10x_adc.o             416
    stm32f10x_exti.o            192
    stm32f10x_gpio.o            332
    stm32f10x_it.o              224
    stm32f10x_rcc.o             360       20       20
    stm32f10x_tim.o             384
    stm32f10x_usart.o           420
    system_stm32f10x.o          420
    -------------------------------------------------
    Total:                   17 344    4 406    8 476

command line: [2]
    -------------------------------------------------
    Total:

dl7M_tln.a: [3]
    exit.o                        4
    low_level_init.o              4
    sprintf.o                    64
    xprintftiny.o               322
    xsprout.o                    10
    -------------------------------------------------
    Total:                      404

m7M_tl.a: [4]
    -------------------------------------------------
    Total:

rt7M_tl.a: [5]
    cexit.o                      10
    cmain.o                      30
    copy_init3.o                 44
    cstartup_M.o                 12
    data_init.o                  40
    strlen.o                     54
    zero_init3.o                 64
    -------------------------------------------------
    Total:                      254

shb_l.a: [6]
    exit.o                       20
    -------------------------------------------------
    Total:                       20

    Gaps                          4        1
    Linker created                        39    4 096
-----------------------------------------------------
    Grand Total:             18 026    4 446   12 572


*******************************************************************************
*** ENTRY LIST
***

Entry                      Address   Size  Type      Object
-----                      -------   ----  ----      ------
.iar.init_table$$Base   0x080054ec          --   Gb  - Linker created -
.iar.init_table$$Limit  0x08005510          --   Gb  - Linker created -
?main                   0x08005511         Code  Gb  cmain.o [5]
ADCPrescTable           0x20000010    0x4  Data  Lc  stm32f10x_rcc.o [1]
ADC_Cmd                 0x080045e3   0x1a  Code  Gb  stm32f10x_adc.o [1]
ADC_Configuration       0x08003f7b   0x62  Code  Gb  bsp.o [1]
ADC_GetCalibrationStatus
                        0x08004623   0x12  Code  Gb  stm32f10x_adc.o [1]
ADC_GetConversionValue  0x08004715    0x6  Code  Gb  stm32f10x_adc.o [1]
ADC_GetFlagStatus       0x08004725   0x14  Code  Gb  stm32f10x_adc.o [1]
ADC_GetResetCalibrationStatus
                        0x08004607   0x12  Code  Gb  stm32f10x_adc.o [1]
ADC_Init                0x08004599   0x4a  Code  Gb  stm32f10x_adc.o [1]
ADC_RegularChannelConfig
                        0x0800464f   0xc6  Code  Gb  stm32f10x_adc.o [1]
ADC_ResetCalibration    0x080045fd    0xa  Code  Gb  stm32f10x_adc.o [1]
ADC_SoftwareStartConvCmd
                        0x08004635   0x1a  Code  Gb  stm32f10x_adc.o [1]
ADC_StartCalibration    0x08004619    0xa  Code  Gb  stm32f10x_adc.o [1]
APBAHBPrescTable        0x20000000   0x10  Data  Lc  stm32f10x_rcc.o [1]
AppTaskStart            0x08003cd1  0x12e  Code  Gb  app_tasks.o [1]
AppTaskStartStk         0x20000418  0x400  Data  Lc  main.o [1]
AppTaskStartTCB         0x20001d70   0xa8  Data  Lc  main.o [1]
BSP_Init                0x0800415d   0x28  Code  Gb  bsp.o [1]
BluetoothRxQ            0x20002058   0x18  Data  Gb  app_tasks.o [1]
BluetoothTaskStk        0x20000e18  0x200  Data  Gb  app_tasks.o [1]
BluetoothTaskTCB        0x20001cc8   0xa8  Data  Gb  app_tasks.o [1]
Bluetooth_Task          0x08003cb9   0x18  Code  Gb  app_tasks.o [1]
BusFault_Handler        0x08005327    0x2  Code  Gb  stm32f10x_it.o [1]
CPU_CntLeadZeros        0x08002847         Code  Gb  cpu_a.o [1]
CPU_CntTrailZeros       0x0800284d         Code  Gb  cpu_a.o [1]
CPU_IntDis              0x08002809         Code  Gb  cpu_a.o [1]
CPU_IntEn               0x0800280d         Code  Gb  cpu_a.o [1]
CPU_RevBits             0x08002857         Code  Gb  cpu_a.o [1]
CPU_SR_Restore          0x0800282d         Code  Gb  cpu_a.o [1]
CPU_SR_Save             0x08002811         Code  Gb  cpu_a.o [1]
CPU_WaitForExcept       0x08002843         Code  Gb  cpu_a.o [1]
CPU_WaitForInt          0x0800283f         Code  Gb  cpu_a.o [1]
CSTACK$$Base            0x20002120          --   Gb  - Linker created -
CSTACK$$Limit           0x20003120          --   Gb  - Linker created -
DebugMon_Handler        0x0800532d    0x2  Code  Gb  stm32f10x_it.o [1]
DeviceCode              0x2000210c    0x2  Data  Gb  lcd.o [1]
DisplayTaskStk          0x20000018  0x400  Data  Gb  app_tasks.o [1]
DisplayTaskTCB          0x20001c20   0xa8  Data  Gb  app_tasks.o [1]
Display_Task            0x08003bb5  0x104  Code  Gb  app_tasks.o [1]
EXTI1_IRQHandler        0x0800533f   0x2e  Code  Gb  stm32f10x_it.o [1]
EXTI_ClearITPendingBit  0x0800495d    0x6  Code  Gb  stm32f10x_exti.o [1]
EXTI_Configuration      0x08004047   0x28  Code  Gb  bsp.o [1]
EXTI_GetITStatus        0x0800493d   0x20  Code  Gb  stm32f10x_exti.o [1]
EXTI_Init               0x080048b9   0x84  Code  Gb  stm32f10x_exti.o [1]
GBHZ_16                 0x08003428  0x594  Data  Gb  lcd.o [1]
GPIO_Configuration      0x08003e99   0xe2  Code  Gb  bsp.o [1]
GPIO_EXTILineConfig     0x08000b99   0x56  Code  Gb  stm32f10x_gpio.o [1]
GPIO_Init               0x08000aa9   0xc4  Code  Gb  stm32f10x_gpio.o [1]
GPIO_ReadInputData      0x08000b81    0x6  Code  Gb  stm32f10x_gpio.o [1]
GPIO_ReadInputDataBit   0x08000b6d   0x14  Code  Gb  stm32f10x_gpio.o [1]
GPIO_ResetBits          0x08000b8d    0x6  Code  Gb  stm32f10x_gpio.o [1]
GPIO_SetBits            0x08000b87    0x6  Code  Gb  stm32f10x_gpio.o [1]
GPIO_Write              0x08000b93    0x6  Code  Gb  stm32f10x_gpio.o [1]
HardFault_Handler       0x08005323    0x2  Code  Gb  stm32f10x_it.o [1]
LCD_Clear               0x080006a1   0x28  Code  Gb  lcd.o [1]
LCD_Configuration       0x080002a5   0x9c  Code  Lc  lcd.o [1]
LCD_Delay               0x08000341   0x26  Code  Lc  lcd.o [1]
LCD_Init                0x08000367  0x33a  Code  Gb  lcd.o [1]
LCD_ReadReg             0x080001ed   0x90  Code  Lc  lcd.o [1]
LCD_SetCursor           0x080006c9   0x3e  Code  Gb  lcd.o [1]
LCD_ShowChar            0x08000747  0x100  Code  Gb  lcd.o [1]
LCD_ShowCharString      0x08000847   0x58  Code  Gb  lcd.o [1]
LCD_ShowHzString        0x08000a27   0x62  Code  Gb  lcd.o [1]
LCD_ShowString          0x0800089f   0x5e  Code  Gb  lcd.o [1]
LCD_WR_DATA             0x0800019f   0x4e  Code  Lc  lcd.o [1]
LCD_WR_REG              0x08000151   0x4e  Code  Lc  lcd.o [1]
LCD_WindowMax           0x08000707   0x40  Code  Gb  lcd.o [1]
LCD_WriteRAM            0x0800029b    0xa  Code  Lc  lcd.o [1]
LCD_WriteRAM_Prepare    0x08000291    0xa  Code  Lc  lcd.o [1]
LCD_WriteReg            0x0800027d   0x14  Code  Lc  lcd.o [1]
LED_Set                 0x080041ad   0x2c  Code  Gb  bsp.o [1]
LightSensor_Read        0x080041d9   0x2a  Code  Gb  bsp.o [1]
MSG_TOUCH_RESET_CODE    0x08004cce    0x1  Data  Gb  app_tasks.o [1]
MemManage_Handler       0x08005325    0x2  Code  Gb  stm32f10x_it.o [1]
NMI_Handler             0x08005321    0x2  Code  Gb  stm32f10x_it.o [1]
NVIC_Configuration      0x0800406f   0x5e  Code  Gb  bsp.o [1]
NVIC_Init               0x08004979   0x60  Code  Gb  misc.o [1]
OSCfg_ISRStk            0x20001018  0x200  Data  Gb  os_cfg_app.o [1]
OSCfg_ISRStkBasePtr     0x0800567c    0x4  Data  Gb  os_cfg_app.o [1]
OSCfg_ISRStkSize        0x08005680    0x4  Data  Gb  os_cfg_app.o [1]
OSCfg_IdleTaskStk       0x20001928  0x100  Data  Gb  os_cfg_app.o [1]
OSCfg_IdleTaskStkBasePtr
                        0x08005670    0x4  Data  Gb  os_cfg_app.o [1]
OSCfg_IdleTaskStkLimit  0x08005674    0x4  Data  Gb  os_cfg_app.o [1]
OSCfg_IdleTaskStkSize   0x08005678    0x4  Data  Gb  os_cfg_app.o [1]
OSCfg_Init              0x08002805    0x2  Code  Gb  os_cfg_app.o [1]
OSCfg_MsgPool           0x200017a8  0x180  Data  Gb  os_cfg_app.o [1]
OSCfg_MsgPoolBasePtr    0x08005684    0x4  Data  Gb  os_cfg_app.o [1]
OSCfg_MsgPoolSize       0x08002806    0x2  Data  Gb  os_cfg_app.o [1]
OSCfg_StatTaskPrio      0x08004ccf    0x1  Data  Gb  os_cfg_app.o [1]
OSCfg_StatTaskRate_Hz   0x08005688    0x4  Data  Gb  os_cfg_app.o [1]
OSCfg_StatTaskStk       0x20001618  0x190  Data  Gb  os_cfg_app.o [1]
OSCfg_StatTaskStkBasePtr
                        0x0800568c    0x4  Data  Gb  os_cfg_app.o [1]
OSCfg_StatTaskStkLimit  0x08005690    0x4  Data  Gb  os_cfg_app.o [1]
OSCfg_StatTaskStkSize   0x08005694    0x4  Data  Gb  os_cfg_app.o [1]
OSCfg_StkSizeMin        0x08005698    0x4  Data  Gb  os_cfg_app.o [1]
OSCfg_TickRate_Hz       0x0800569c    0x4  Data  Gb  os_cfg_app.o [1]
OSCfg_TmrTaskPrio       0x08004d06    0x1  Data  Gb  os_cfg_app.o [1]
OSCfg_TmrTaskRate_Hz    0x080056a0    0x4  Data  Gb  os_cfg_app.o [1]
OSCfg_TmrTaskStk        0x20001218  0x200  Data  Gb  os_cfg_app.o [1]
OSCfg_TmrTaskStkBasePtr
                        0x080056a4    0x4  Data  Gb  os_cfg_app.o [1]
OSCfg_TmrTaskStkLimit   0x080056a8    0x4  Data  Gb  os_cfg_app.o [1]
OSCfg_TmrTaskStkSize    0x080056ac    0x4  Data  Gb  os_cfg_app.o [1]
OSCtxSw                 0x080028db         Code  Gb  os_cpu_a.o [1]
OSISRStkFree            0x200020d4    0x4  Data  Gb  os_var.o [1]
OSISRStkUsed            0x200020d8    0x4  Data  Gb  os_var.o [1]
OSIdleTaskHook          0x080014f5   0x12  Code  Gb  os_cpu_c.o [1]
OSIdleTaskTCB           0x20001e18   0xa8  Data  Gb  os_var.o [1]
OSInit                  0x08000d5d  0x122  Code  Gb  os_core.o [1]
OSInitHook              0x08001507   0x24  Code  Gb  os_cpu_c.o [1]
OSInitialized           0x20002117    0x1  Data  Gb  os_var.o [1]
OSIntCtxSw              0x080028db         Code  Gb  os_cpu_a.o [1]
OSIntEnter              0x08000e7f   0x24  Code  Gb  os_core.o [1]
OSIntExit               0x08000ea3   0xc0  Code  Gb  os_core.o [1]
OSIntNestingCtr         0x20002115    0x1  Data  Gb  os_var.o [1]
OSMsgPool               0x20002098    0x8  Data  Gb  os_var.o [1]
OSMutexCreate           0x08002b95   0x6a  Code  Gb  os_mutex.o [1]
OSMutexPend             0x08002bff  0x17e  Code  Gb  os_mutex.o [1]
OSPrioCur               0x20002118    0x1  Data  Gb  os_var.o [1]
OSPrioHighRdy           0x20002119    0x1  Data  Gb  os_var.o [1]
OSPrioTbl               0x200020a0    0x8  Data  Gb  os_var.o [1]
OSQCreate               0x08004231   0x7c  Code  Gb  os_q.o [1]
OSQPend                 0x080042ad  0x196  Code  Gb  os_q.o [1]
OSQPost                 0x08004443  0x102  Code  Gb  os_q.o [1]
OSRdyList               0x20001418  0x200  Data  Gb  os_var.o [1]
OSRunning               0x20002116    0x1  Data  Gb  os_var.o [1]
OSSched                 0x08000f63   0x94  Code  Gb  os_core.o [1]
OSSchedLockNestingCtr   0x2000211a    0x1  Data  Gb  os_var.o [1]
OSSchedRoundRobinDfltTimeQuanta
                        0x200020dc    0x4  Data  Gb  os_var.o [1]
OSSchedRoundRobinEn     0x2000211b    0x1  Data  Gb  os_var.o [1]
OSStart                 0x08000ff7   0x8e  Code  Gb  os_core.o [1]
OSStartHighRdy          0x0800285d         Code  Gb  os_cpu_a.o [1]
OSStatReset             0x08002135   0x1c  Code  Gb  os_stat.o [1]
OSStatResetFlag         0x2000211c    0x1  Data  Gb  os_var.o [1]
OSStatTaskCPUUsage      0x2000210e    0x2  Data  Gb  os_var.o [1]
OSStatTaskCPUUsageMax   0x20002110    0x2  Data  Gb  os_var.o [1]
OSStatTaskCtr           0x200020e0    0x4  Data  Gb  os_var.o [1]
OSStatTaskCtrMax        0x200020e4    0x4  Data  Gb  os_var.o [1]
OSStatTaskCtrRun        0x200020e8    0x4  Data  Gb  os_var.o [1]
OSStatTaskHook          0x0800152b   0x12  Code  Gb  os_cpu_c.o [1]
OSStatTaskRdy           0x2000211d    0x1  Data  Gb  os_var.o [1]
OSStatTaskTCB           0x20001ec0   0xa8  Data  Gb  os_var.o [1]
OSTCBCurPtr             0x20002104    0x4  Data  Gb  os_var.o [1]
OSTCBHighRdyPtr         0x20002108    0x4  Data  Gb  os_var.o [1]
OSTaskCreate            0x08001931  0x1aa  Code  Gb  os_task.o [1]
OSTaskCreateHook        0x0800153d   0x12  Code  Gb  os_cpu_c.o [1]
OSTaskCtxSwCtr          0x200020ec    0x4  Data  Gb  os_var.o [1]
OSTaskDel               0x08001adb  0x17e  Code  Gb  os_task.o [1]
OSTaskDelHook           0x0800154f   0x12  Code  Gb  os_cpu_c.o [1]
OSTaskQty               0x20002112    0x2  Data  Gb  os_var.o [1]
OSTaskRegNextAvailID    0x2000211e    0x1  Data  Gb  os_var.o [1]
OSTaskReturnHook        0x08001561   0x12  Code  Gb  os_cpu_c.o [1]
OSTaskStkInit           0x08001573   0x8a  Code  Gb  os_cpu_c.o [1]
OSTaskSwHook            0x080015fd   0x54  Code  Gb  os_cpu_c.o [1]
OSTickCtr               0x200020f0    0x4  Data  Gb  os_var.o [1]
OSTickList              0x200020f4    0x4  Data  Gb  os_var.o [1]
OSTimeDly               0x08002969   0x90  Code  Gb  os_time.o [1]
OSTimeDlyHMSM           0x080029f9  0x15a  Code  Gb  os_time.o [1]
OSTimeTick              0x08002b53   0x24  Code  Gb  os_time.o [1]
OSTimeTickHook          0x08001651   0x12  Code  Gb  os_cpu_c.o [1]
OSTmrCond               0x20002088   0x10  Data  Gb  os_var.o [1]
OSTmrListPtr            0x200020f8    0x4  Data  Gb  os_var.o [1]
OSTmrMutex              0x20002070   0x18  Data  Gb  os_var.o [1]
OSTmrTaskTCB            0x20001f68   0xa8  Data  Gb  os_var.o [1]
OSTmrTaskTickBase       0x200020fc    0x4  Data  Gb  os_var.o [1]
OSTmrToTicksMult        0x20002100    0x4  Data  Gb  os_var.o [1]
OS_AppIdleTaskHookPtr   0x200020c4    0x4  Data  Gb  os_var.o [1]
OS_AppStatTaskHookPtr   0x200020c8    0x4  Data  Gb  os_var.o [1]
OS_AppTaskCreateHookPtr
                        0x200020b8    0x4  Data  Gb  os_var.o [1]
OS_AppTaskDelHookPtr    0x200020bc    0x4  Data  Gb  os_var.o [1]
OS_AppTaskReturnHookPtr
                        0x200020c0    0x4  Data  Gb  os_var.o [1]
OS_AppTaskSwHookPtr     0x200020cc    0x4  Data  Gb  os_var.o [1]
OS_AppTimeTickHookPtr   0x200020d0    0x4  Data  Gb  os_var.o [1]
OS_CPU_ExceptStkBase    0x200020b0    0x4  Data  Gb  os_cpu_c.o [1]
OS_CPU_PendSVHandler    0x080028e3         Code  Gb  os_cpu_a.o [1]
OS_CPU_SysTickHandler   0x08001663   0x20  Code  Gb  os_cpu_c.o [1]
OS_IdleTask             0x08001085   0x22  Code  Gb  os_core.o [1]
OS_IdleTaskInit         0x080010a7   0x46  Code  Gb  os_core.o [1]
OS_KA_BASEPRI_Boundary  0x200020b4    0x4  Data  Gb  os_cpu_c.o [1]
OS_MemInit              0x08001769    0x6  Code  Gb  os_mem.o [1]
OS_MsgPoolInit          0x08001779   0x7c  Code  Gb  os_msg.o [1]
OS_MsgQFreeAll          0x080017f5   0x40  Code  Gb  os_msg.o [1]
OS_MsgQGet              0x08001845   0x60  Code  Gb  os_msg.o [1]
OS_MsgQInit             0x08001835   0x10  Code  Gb  os_msg.o [1]
OS_MsgQPut              0x080018a5   0x7e  Code  Gb  os_msg.o [1]
OS_MutexGrpAdd          0x08002d91    0x8  Code  Gb  os_mutex.o [1]
OS_MutexGrpPostAll      0x08002de7   0x52  Code  Gb  os_mutex.o [1]
OS_MutexGrpPrioFindHighest
                        0x08002daf   0x38  Code  Gb  os_mutex.o [1]
OS_MutexGrpRemove       0x08002d99   0x16  Code  Gb  os_mutex.o [1]
OS_Pend                 0x080010ed   0x2e  Code  Gb  os_core.o [1]
OS_PendListChangePrio   0x0800111b   0x22  Code  Gb  os_core.o [1]
OS_PendListInit         0x0800113d    0xa  Code  Gb  os_core.o [1]
OS_PendListInsertPrio   0x08001147   0x68  Code  Gb  os_core.o [1]
OS_PendListRemove       0x080011af   0x52  Code  Gb  os_core.o [1]
OS_Post                 0x08001201   0x92  Code  Gb  os_core.o [1]
OS_PrioGetHighest       0x080016d1   0x24  Code  Gb  os_prio.o [1]
OS_PrioInit             0x080016bd   0x14  Code  Gb  os_prio.o [1]
OS_PrioInsert           0x080016f5   0x36  Code  Gb  os_prio.o [1]
OS_PrioRemove           0x0800172b   0x3a  Code  Gb  os_prio.o [1]
OS_RdyListInit          0x08001293   0x1a  Code  Gb  os_core.o [1]
OS_RdyListInsert        0x080012ad   0x28  Code  Gb  os_core.o [1]
OS_RdyListInsertHead    0x080012d5   0x2e  Code  Gb  os_core.o [1]
OS_RdyListInsertTail    0x08001303   0x2c  Code  Gb  os_core.o [1]
OS_RdyListMoveHeadToTail
                        0x0800132f   0x44  Code  Gb  os_core.o [1]
OS_RdyListRemove        0x08001373   0x4a  Code  Gb  os_core.o [1]
OS_SchedRoundRobin      0x080013bd   0x8e  Code  Gb  os_core.o [1]
OS_StatTask             0x08002151  0x13e  Code  Gb  os_stat.o [1]
OS_StatTaskInit         0x0800228f   0x9c  Code  Gb  os_stat.o [1]
OS_TaskBlock            0x0800144b   0x2c  Code  Gb  os_core.o [1]
OS_TaskChangePrio       0x08001d95   0xe4  Code  Gb  os_task.o [1]
OS_TaskInit             0x08001c79   0x12  Code  Gb  os_task.o [1]
OS_TaskInitTCB          0x08001c8b   0xf6  Code  Gb  os_task.o [1]
OS_TaskReturn           0x08001d81   0x14  Code  Gb  os_task.o [1]
OS_TickInit             0x08001e85   0x12  Code  Gb  os_tick.o [1]
OS_TickListInsert       0x08001ebd   0x96  Code  Gb  os_tick.o [1]
OS_TickListInsertDly    0x08001f53   0x7a  Code  Gb  os_tick.o [1]
OS_TickListRemove       0x08001fcd   0x52  Code  Gb  os_tick.o [1]
OS_TickListUpdate       0x0800201f  0x10c  Code  Lc  os_tick.o [1]
OS_TickUpdate           0x08001e97   0x26  Code  Gb  os_tick.o [1]
OS_TmrCondCreate        0x08002675   0x26  Code  Lc  os_tmr.o [1]
OS_TmrCondSignal        0x08002787   0x34  Code  Lc  os_tmr.o [1]
OS_TmrCondWait          0x0800269b   0xec  Code  Lc  os_tmr.o [1]
OS_TmrInit              0x0800238d   0xbc  Code  Gb  os_tmr.o [1]
OS_TmrLink              0x08002449   0xa0  Code  Gb  os_tmr.o [1]
OS_TmrLock              0x08002661   0x14  Code  Lc  os_tmr.o [1]
OS_TmrTask              0x08002591   0xd0  Code  Gb  os_tmr.o [1]
OS_TmrUnlink            0x080024e9   0xa6  Code  Gb  os_tmr.o [1]
PIR_Read                0x08004203    0xc  Code  Gb  bsp.o [1]
PIR_Task                0x080039bd   0x4e  Code  Gb  app_tasks.o [1]
PendSV_Handler          0x0800532f    0x8  Code  Gb  stm32f10x_it.o [1]
PirDataQ                0x20002010   0x18  Data  Gb  app_tasks.o [1]
PirTaskStk              0x20000818  0x200  Data  Gb  app_tasks.o [1]
PirTaskTCB              0x20001a28   0xa8  Data  Gb  app_tasks.o [1]
RCC_APB1PeriphClockCmd  0x08000d19   0x20  Code  Gb  stm32f10x_rcc.o [1]
RCC_APB2PeriphClockCmd  0x08000cf9   0x20  Code  Gb  stm32f10x_rcc.o [1]
RCC_GetClocksFreq       0x08000bf5  0x104  Code  Gb  stm32f10x_rcc.o [1]
Region$$Table$$Base     0x080054ec          --   Gb  - Linker created -
Region$$Table$$Limit    0x08005510          --   Gb  - Linker created -
SVC_Handler             0x0800532b    0x2  Code  Gb  stm32f10x_it.o [1]
ServoQ                  0x20002040   0x18  Data  Gb  app_tasks.o [1]
ServoTaskStk            0x20000c18  0x200  Data  Gb  app_tasks.o [1]
ServoTaskTCB            0x20001b78   0xa8  Data  Gb  app_tasks.o [1]
Servo_SetAngle          0x08004185   0x28  Code  Gb  bsp.o [1]
Servo_Task              0x08003b73   0x42  Code  Gb  app_tasks.o [1]
SetSysClock             0x080051e3    0x8  Code  Lc  system_stm32f10x.o [1]
SetSysClockTo72         0x080051eb  0x110  Code  Lc  system_stm32f10x.o [1]
StateQ                  0x20002028   0x18  Data  Gb  app_tasks.o [1]
StatusTaskStk           0x20000a18  0x200  Data  Gb  app_tasks.o [1]
StatusTaskTCB           0x20001ad0   0xa8  Data  Gb  app_tasks.o [1]
Status_Task             0x08003a0b  0x168  Code  Gb  app_tasks.o [1]
SysTick_Handler         0x08005337    0x8  Code  Gb  stm32f10x_it.o [1]
SystemInit              0x0800517d   0x66  Code  Gb  system_stm32f10x.o [1]
TIM_Cmd                 0x0800485f   0x1c  Code  Gb  stm32f10x_tim.o [1]
TIM_Configuration       0x08003fdd   0x6a  Code  Gb  bsp.o [1]
TIM_OC1Init             0x080047cb   0x94  Code  Gb  stm32f10x_tim.o [1]
TIM_OC1PreloadConfig    0x0800487b   0x10  Code  Gb  stm32f10x_tim.o [1]
TIM_SetCompare1         0x0800488b    0x4  Code  Gb  stm32f10x_tim.o [1]
TIM_TimeBaseInit        0x08004739   0x92  Code  Gb  stm32f10x_tim.o [1]
USART1_IRQHandler       0x0800536d   0x34  Code  Gb  stm32f10x_it.o [1]
USART1_Init             0x080040cd   0x48  Code  Gb  bsp.o [1]
USART2_IRQHandler       0x080053a1   0x4c  Code  Gb  stm32f10x_it.o [1]
USART2_Init             0x08004115   0x48  Code  Gb  bsp.o [1]
USART_ClearITPendingBit
                        0x08004b77   0x16  Code  Gb  stm32f10x_usart.o [1]
USART_Cmd               0x08004aa5   0x1c  Code  Gb  stm32f10x_usart.o [1]
USART_GetITStatus       0x08004b1b   0x5c  Code  Gb  stm32f10x_usart.o [1]
USART_ITConfig          0x08004ac1   0x4a  Code  Gb  stm32f10x_usart.o [1]
USART_Init              0x080049e9   0xb6  Code  Gb  stm32f10x_usart.o [1]
USART_ReceiveData       0x08004b13    0x8  Code  Gb  stm32f10x_usart.o [1]
USART_SendData          0x08004b0b    0x8  Code  Gb  stm32f10x_usart.o [1]
UsageFault_Handler      0x08005329    0x2  Code  Gb  stm32f10x_it.o [1]
WriteOneHz              0x08000945   0xe2  Code  Lc  lcd.o [1]
_PrintfTiny             0x08004ba9  0x126  Code  Gb  xprintftiny.o [3]
_SProut                 0x0800176f    0xa  Code  Gb  xsprout.o [3]
__cmain                 0x08005511         Code  Gb  cmain.o [5]
__exit                  0x08005545   0x14  Code  Gb  exit.o [6]
__iar_copy_init3        0x08005499   0x2c  Code  Gb  copy_init3.o [5]
__iar_data_init3        0x080054c5   0x28  Code  Gb  data_init.o [5]
__iar_program_start     0x08005645         Code  Gb  cstartup_M.o [5]
__iar_systems$$module {Abs}
                        0x00000001         Data  Gb  command line/config [2]
__iar_zero_init3        0x08005459   0x40  Code  Gb  zero_init3.o [5]
__low_level_init        0x0800552f    0x4  Code  Gb  low_level_init.o [3]
__vector_table          0x08000000         Data  Gb  startup_stm32f10x_cl.o [1]
_call_main              0x0800551d         Code  Gb  cmain.o [5]
_exit                   0x08005539         Code  Gb  cexit.o [5]
_main                   0x0800552b         Code  Gb  cmain.o [5]
asc2_1206               0x08004d08  0x474  Data  Gb  lcd.o [1]
asc2_1608               0x08002e38  0x5f0  Data  Gb  lcd.o [1]
current_state           0x20000014    0x1  Data  Gb  app_tasks.o [1]
exit                    0x08005533    0x4  Code  Gb  exit.o [3]
findHzIndex             0x080008fd   0x48  Code  Lc  lcd.o [1]
g_debug_pir_val         0x20002114    0x1  Data  Gb  app_tasks.o [1]
idle_counter            0x200020a8    0x4  Data  Gb  app_tasks.o [1]
main                    0x08005401   0x58  Code  Gb  main.o [1]
out                     0x08004b8d   0x1c  Code  Lc  xprintftiny.o [3]
sprintf                 0x08004559   0x40  Code  Gb  sprintf.o [3]
strlen                  0x08004cd1         Code  Gb  strlen.o [5]
suspicious_counter      0x200020ac    0x4  Data  Gb  app_tasks.o [1]


[1] = C:\Users\pnu3\Desktop\deskproject\Embedded_System_TermProject\Debug\Obj
[2] = command line
[3] = dl7M_tln.a
[4] = m7M_tl.a
[5] = rt7M_tl.a
[6] = shb_l.a

  18 026 bytes of readonly  code memory
   4 446 bytes of readonly  data memory
  12 572 bytes of readwrite data memory

Errors: none
Warnings: none
