###############################################################################
#
# IAR ELF Linker V8.22.1.15669/W32 for ARM                21/Dec/2025  18:04:39
# Copyright 2007-2018 IAR Systems AB.
#
#    Output file  =  
#        C:\Users\pnu3\Desktop\deskproject\Embedded_System_TermProject\Debug\Exe\test.out
#    Map file     =  
#        C:\Users\pnu3\Desktop\deskproject\Embedded_System_TermProject\Debug\List\test.map
#    Command line =  
#        -f C:\Users\pnu3\AppData\Local\Temp\EW3F82.tmp
#        (C:\Users\pnu3\Desktop\deskproject\Embedded_System_TermProject\Debug\Obj\app_tasks.o
#        C:\Users\pnu3\Desktop\deskproject\Embedded_System_TermProject\Debug\Obj\bluetooth.o
#        C:\Users\pnu3\Desktop\deskproject\Embedded_System_TermProject\Debug\Obj\bsp.o
#        C:\Users\pnu3\Desktop\deskproject\Embedded_System_TermProject\Debug\Obj\core_cm3.o
#        C:\Users\pnu3\Desktop\deskproject\Embedded_System_TermProject\Debug\Obj\cpu_a.o
#        C:\Users\pnu3\Desktop\deskproject\Embedded_System_TermProject\Debug\Obj\cpu_core.o
#        C:\Users\pnu3\Desktop\deskproject\Embedded_System_TermProject\Debug\Obj\lcd.o
#        C:\Users\pnu3\Desktop\deskproject\Embedded_System_TermProject\Debug\Obj\lib_ascii.o
#        C:\Users\pnu3\Desktop\deskproject\Embedded_System_TermProject\Debug\Obj\lib_math.o
#        C:\Users\pnu3\Desktop\deskproject\Embedded_System_TermProject\Debug\Obj\lib_mem.o
#        C:\Users\pnu3\Desktop\deskproject\Embedded_System_TermProject\Debug\Obj\lib_str.o
#        C:\Users\pnu3\Desktop\deskproject\Embedded_System_TermProject\Debug\Obj\main.o
#        C:\Users\pnu3\Desktop\deskproject\Embedded_System_TermProject\Debug\Obj\misc.o
#        C:\Users\pnu3\Desktop\deskproject\Embedded_System_TermProject\Debug\Obj\os_cfg_app.o
#        C:\Users\pnu3\Desktop\deskproject\Embedded_System_TermProject\Debug\Obj\os_core.o
#        C:\Users\pnu3\Desktop\deskproject\Embedded_System_TermProject\Debug\Obj\os_cpu_a.o
#        C:\Users\pnu3\Desktop\deskproject\Embedded_System_TermProject\Debug\Obj\os_cpu_c.o
#        C:\Users\pnu3\Desktop\deskproject\Embedded_System_TermProject\Debug\Obj\os_dbg.o
#        C:\Users\pnu3\Desktop\deskproject\Embedded_System_TermProject\Debug\Obj\os_flag.o
#        C:\Users\pnu3\Desktop\deskproject\Embedded_System_TermProject\Debug\Obj\os_mem.o
#        C:\Users\pnu3\Desktop\deskproject\Embedded_System_TermProject\Debug\Obj\os_msg.o
#        C:\Users\pnu3\Desktop\deskproject\Embedded_System_TermProject\Debug\Obj\os_mutex.o
#        C:\Users\pnu3\Desktop\deskproject\Embedded_System_TermProject\Debug\Obj\os_prio.o
#        C:\Users\pnu3\Desktop\deskproject\Embedded_System_TermProject\Debug\Obj\os_q.o
#        C:\Users\pnu3\Desktop\deskproject\Embedded_System_TermProject\Debug\Obj\os_sem.o
#        C:\Users\pnu3\Desktop\deskproject\Embedded_System_TermProject\Debug\Obj\os_stat.o
#        C:\Users\pnu3\Desktop\deskproject\Embedded_System_TermProject\Debug\Obj\os_task.o
#        C:\Users\pnu3\Desktop\deskproject\Embedded_System_TermProject\Debug\Obj\os_tick.o
#        C:\Users\pnu3\Desktop\deskproject\Embedded_System_TermProject\Debug\Obj\os_time.o
#        C:\Users\pnu3\Desktop\deskproject\Embedded_System_TermProject\Debug\Obj\os_tmr.o
#        C:\Users\pnu3\Desktop\deskproject\Embedded_System_TermProject\Debug\Obj\os_var.o
#        C:\Users\pnu3\Desktop\deskproject\Embedded_System_TermProject\Debug\Obj\startup_stm32f10x_cl.o
#        C:\Users\pnu3\Desktop\deskproject\Embedded_System_TermProject\Debug\Obj\stm32f10x_adc.o
#        C:\Users\pnu3\Desktop\deskproject\Embedded_System_TermProject\Debug\Obj\stm32f10x_bkp.o
#        C:\Users\pnu3\Desktop\deskproject\Embedded_System_TermProject\Debug\Obj\stm32f10x_can.o
#        C:\Users\pnu3\Desktop\deskproject\Embedded_System_TermProject\Debug\Obj\stm32f10x_cec.o
#        C:\Users\pnu3\Desktop\deskproject\Embedded_System_TermProject\Debug\Obj\stm32f10x_crc.o
#        C:\Users\pnu3\Desktop\deskproject\Embedded_System_TermProject\Debug\Obj\stm32f10x_dac.o
#        C:\Users\pnu3\Desktop\deskproject\Embedded_System_TermProject\Debug\Obj\stm32f10x_dbgmcu.o
#        C:\Users\pnu3\Desktop\deskproject\Embedded_System_TermProject\Debug\Obj\stm32f10x_dma.o
#        C:\Users\pnu3\Desktop\deskproject\Embedded_System_TermProject\Debug\Obj\stm32f10x_exti.o
#        C:\Users\pnu3\Desktop\deskproject\Embedded_System_TermProject\Debug\Obj\stm32f10x_flash.o
#        C:\Users\pnu3\Desktop\deskproject\Embedded_System_TermProject\Debug\Obj\stm32f10x_fsmc.o
#        C:\Users\pnu3\Desktop\deskproject\Embedded_System_TermProject\Debug\Obj\stm32f10x_gpio.o
#        C:\Users\pnu3\Desktop\deskproject\Embedded_System_TermProject\Debug\Obj\stm32f10x_i2c.o
#        C:\Users\pnu3\Desktop\deskproject\Embedded_System_TermProject\Debug\Obj\stm32f10x_it.o
#        C:\Users\pnu3\Desktop\deskproject\Embedded_System_TermProject\Debug\Obj\stm32f10x_iwdg.o
#        C:\Users\pnu3\Desktop\deskproject\Embedded_System_TermProject\Debug\Obj\stm32f10x_pwr.o
#        C:\Users\pnu3\Desktop\deskproject\Embedded_System_TermProject\Debug\Obj\stm32f10x_rcc.o
#        C:\Users\pnu3\Desktop\deskproject\Embedded_System_TermProject\Debug\Obj\stm32f10x_rtc.o
#        C:\Users\pnu3\Desktop\deskproject\Embedded_System_TermProject\Debug\Obj\stm32f10x_sdio.o
#        C:\Users\pnu3\Desktop\deskproject\Embedded_System_TermProject\Debug\Obj\stm32f10x_spi.o
#        C:\Users\pnu3\Desktop\deskproject\Embedded_System_TermProject\Debug\Obj\stm32f10x_tim.o
#        C:\Users\pnu3\Desktop\deskproject\Embedded_System_TermProject\Debug\Obj\stm32f10x_usart.o
#        C:\Users\pnu3\Desktop\deskproject\Embedded_System_TermProject\Debug\Obj\stm32f10x_wwdg.o
#        C:\Users\pnu3\Desktop\deskproject\Embedded_System_TermProject\Debug\Obj\system_stm32f10x.o
#        C:\Users\pnu3\Desktop\deskproject\Embedded_System_TermProject\Debug\Obj\touch.o
#        -o
#        C:\Users\pnu3\Desktop\deskproject\Embedded_System_TermProject\Debug\Exe\test.out
#        --map
#        C:\Users\pnu3\Desktop\deskproject\Embedded_System_TermProject\Debug\List\test.map
#        --log
#        libraries,initialization,modules,redirects,sections,veneers,unused_fragments,call_graph
#        --log_file
#        C:\Users\pnu3\Desktop\deskproject\Embedded_System_TermProject\Debug\List\test.log
#        --config "C:\Program Files (x86)\IAR Systems\Embedded Workbench
#        8.0\arm\config\linker\ST\stm32f107xC.icf" --semihosting --entry
#        __iar_program_start --vfe --text_out locale)
#
###############################################################################

*******************************************************************************
*** RUNTIME MODEL ATTRIBUTES
***

CppFlavor       = *
__SystemLibrary = DLib
__dlib_version  = 6


*******************************************************************************
*** HEAP SELECTION
***

The basic heap was selected because some modules are built with
size limitations (and not runtime checking), and --advanced_heap
was not specified.


*******************************************************************************
*** PLACEMENT SUMMARY
***

"A0":  place at 0x08000000 { ro section .intvec };
"P1":  place in [from 0x08000000 to 0x0803ffff] { ro };
define block CSTACK with size = 4K, alignment = 8 { };
define block HEAP with size = 4K, alignment = 8 { };
"P2":  place in [from 0x20000000 to 0x2000ffff] {
          rw, block CSTACK, block HEAP };
initialize by copy { rw };

  Section            Kind        Address    Size  Object
  -------            ----        -------    ----  ------
"A0":                                      0x150
  .intvec            ro code  0x08000000   0x150  startup_stm32f10x_cl.o [1]
                            - 0x08000150   0x150

"P1":                                     0x5b48
  .text              ro code  0x08000150   0x958  lcd.o [1]
  .text              ro code  0x08000aa8   0x14c  stm32f10x_gpio.o [1]
  .text              ro code  0x08000bf4   0x168  stm32f10x_rcc.o [1]
  .text              ro code  0x08000d5c   0x810  app_tasks.o [1]
  .text              ro code  0x0800156c   0x408  bsp.o [1]
  .text              ro code  0x08001974   0x328  os_q.o [1]
  .text              ro code  0x08001c9c   0x22c  os_time.o [1]
  .text              ro code  0x08001ec8    0x40  sprintf.o [3]
  .text              ro code  0x08001f08   0x204  os_cpu_c.o [1]
  .text              ro code  0x0800210c   0x554  os_task.o [1]
  .text              ro code  0x08002660   0x1a0  stm32f10x_adc.o [1]
  .text              ro code  0x08002800   0x180  stm32f10x_tim.o [1]
  .text              ro code  0x08002980    0xc0  stm32f10x_exti.o [1]
  .text              ro code  0x08002a40    0x70  misc.o [1]
  .text              ro code  0x08002ab0   0x1a4  stm32f10x_usart.o [1]
  CODE               ro code  0x08002c54    0x54  cpu_a.o [1]
  .text              ro code  0x08002ca8   0x1b8  os_msg.o [1]
  .text              ro code  0x08002e60   0x798  os_core.o [1]
  .text              ro code  0x080035f8   0x2b0  os_tick.o [1]
  .text              ro code  0x080038a8   0x142  xprintftiny.o [3]
  .text              ro code  0x080039ea     0xa  xsprout.o [3]
  .text              ro code  0x080039f4    0xac  os_prio.o [1]
  .text              ro code  0x08003aa0   0x2a4  os_mutex.o [1]
  .text              ro code  0x08003d44     0x6  os_mem.o [1]
  .rodata            const    0x08003d4a     0x2  os_cfg_app.o [1]
  .text              ro code  0x08003d4c   0x258  os_stat.o [1]
  .text              ro code  0x08003fa4   0x478  os_tmr.o [1]
  .text              ro code  0x0800441c     0x2  os_cfg_app.o [1]
  .rodata            const    0x0800441e     0x1  app_tasks.o [1]
  .rodata            const    0x0800441f     0x1  app_tasks.o [1]
  CODE               ro code  0x08004420   0x10c  os_cpu_a.o [1]
  .text              ro code  0x0800452c    0x36  strlen.o [5]
  .rodata            const    0x08004562     0x1  os_cfg_app.o [1]
  .rodata            const    0x08004563     0x1  os_cfg_app.o [1]
  .rodata            const    0x08004564   0x5f0  lcd.o [1]
  .rodata            const    0x08004b54   0x594  lcd.o [1]
  .rodata            const    0x080050e8   0x474  lcd.o [1]
  .text              ro code  0x0800555c   0x1a4  system_stm32f10x.o [1]
  .text              ro code  0x08005700   0x100  stm32f10x_it.o [1]
  .text              ro code  0x08005800    0x58  main.o [1]
  .text              ro code  0x08005858    0x40  zero_init3.o [5]
  .text              ro code  0x08005898    0x2c  copy_init3.o [5]
  Initializer bytes  const    0x080058c4    0x2c  <for P2-1>
  .text              ro code  0x080058f0    0x28  data_init.o [5]
  .iar.init_table    const    0x08005918    0x24  - Linker created -
  .text              ro code  0x0800593c    0x1e  cmain.o [5]
  .text              ro code  0x0800595a     0x4  low_level_init.o [3]
  .text              ro code  0x0800595e     0x4  exit.o [3]
  .text              ro code  0x08005964     0xa  cexit.o [5]
  .text              ro code  0x08005970    0x14  exit.o [6]
  .rodata            const    0x08005984    0x18  app_tasks.o [1]
  .rodata            const    0x0800599c    0x14  app_tasks.o [1]
  .rodata            const    0x080059b0    0x14  app_tasks.o [1]
  .rodata            const    0x080059c4    0x14  app_tasks.o [1]
  .rodata            const    0x080059d8    0x14  app_tasks.o [1]
  .rodata            const    0x080059ec    0x14  app_tasks.o [1]
  .rodata            const    0x08005a00    0x14  app_tasks.o [1]
  .rodata            const    0x08005a14    0x14  app_tasks.o [1]
  .rodata            const    0x08005a28    0x14  app_tasks.o [1]
  .rodata            const    0x08005a3c    0x14  app_tasks.o [1]
  .rodata            const    0x08005a50    0x10  app_tasks.o [1]
  .rodata            const    0x08005a60    0x10  app_tasks.o [1]
  .rodata            const    0x08005a70    0x10  app_tasks.o [1]
  .rodata            const    0x08005a80    0x10  app_tasks.o [1]
  .rodata            const    0x08005a90    0x10  main.o [1]
  .text              ro code  0x08005aa0    0x10  startup_stm32f10x_cl.o [1]
  .rodata            const    0x08005ab0     0xc  app_tasks.o [1]
  .rodata            const    0x08005abc     0xc  app_tasks.o [1]
  .rodata            const    0x08005ac8     0xc  app_tasks.o [1]
  .rodata            const    0x08005ad4     0xc  app_tasks.o [1]
  .rodata            const    0x08005ae0     0xc  app_tasks.o [1]
  .text              ro code  0x08005aec     0xc  cstartup_M.o [5]
  .rodata            const    0x08005af8     0x8  app_tasks.o [1]
  .rodata            const    0x08005b00     0x8  app_tasks.o [1]
  .rodata            const    0x08005b08     0x8  app_tasks.o [1]
  .rodata            const    0x08005b10     0x8  app_tasks.o [1]
  .rodata            const    0x08005b18     0x8  app_tasks.o [1]
  .rodata            const    0x08005b20     0x8  app_tasks.o [1]
  .rodata            const    0x08005b28     0x8  app_tasks.o [1]
  .rodata            const    0x08005b30     0x8  app_tasks.o [1]
  .rodata            const    0x08005b38     0x8  app_tasks.o [1]
  .rodata            const    0x08005b40     0x4  os_cfg_app.o [1]
  .rodata            const    0x08005b44     0x4  os_cfg_app.o [1]
  .rodata            const    0x08005b48     0x4  os_cfg_app.o [1]
  .rodata            const    0x08005b4c     0x4  os_cfg_app.o [1]
  .rodata            const    0x08005b50     0x4  os_cfg_app.o [1]
  .rodata            const    0x08005b54     0x4  os_cfg_app.o [1]
  .rodata            const    0x08005b58     0x4  os_cfg_app.o [1]
  .rodata            const    0x08005b5c     0x4  os_cfg_app.o [1]
  .rodata            const    0x08005b60     0x4  os_cfg_app.o [1]
  .rodata            const    0x08005b64     0x4  os_cfg_app.o [1]
  .rodata            const    0x08005b68     0x4  os_cfg_app.o [1]
  .rodata            const    0x08005b6c     0x4  os_cfg_app.o [1]
  .rodata            const    0x08005b70     0x4  os_cfg_app.o [1]
  .rodata            const    0x08005b74     0x4  os_cfg_app.o [1]
  .rodata            const    0x08005b78     0x4  os_cfg_app.o [1]
  .rodata            const    0x08005b7c     0x4  os_cfg_app.o [1]
  .text              ro code  0x08005b80     0x4  startup_stm32f10x_cl.o [1]
  .text              ro code  0x08005b84     0x4  startup_stm32f10x_cl.o [1]
  .text              ro code  0x08005b88     0x4  startup_stm32f10x_cl.o [1]
  .text              ro code  0x08005b8c     0x4  startup_stm32f10x_cl.o [1]
  .text              ro code  0x08005b90     0x4  startup_stm32f10x_cl.o [1]
  .text              ro code  0x08005b94     0x4  startup_stm32f10x_cl.o [1]
  .text              ro code  0x08005b98     0x4  startup_stm32f10x_cl.o [1]
  .text              ro code  0x08005b9c     0x4  startup_stm32f10x_cl.o [1]
  .text              ro code  0x08005ba0     0x4  startup_stm32f10x_cl.o [1]
  .text              ro code  0x08005ba4     0x4  startup_stm32f10x_cl.o [1]
  .text              ro code  0x08005ba8     0x4  startup_stm32f10x_cl.o [1]
  .text              ro code  0x08005bac     0x4  startup_stm32f10x_cl.o [1]
  .text              ro code  0x08005bb0     0x4  startup_stm32f10x_cl.o [1]
  .text              ro code  0x08005bb4     0x4  startup_stm32f10x_cl.o [1]
  .text              ro code  0x08005bb8     0x4  startup_stm32f10x_cl.o [1]
  .text              ro code  0x08005bbc     0x4  startup_stm32f10x_cl.o [1]
  .text              ro code  0x08005bc0     0x4  startup_stm32f10x_cl.o [1]
  .text              ro code  0x08005bc4     0x4  startup_stm32f10x_cl.o [1]
  .text              ro code  0x08005bc8     0x4  startup_stm32f10x_cl.o [1]
  .text              ro code  0x08005bcc     0x4  startup_stm32f10x_cl.o [1]
  .text              ro code  0x08005bd0     0x4  startup_stm32f10x_cl.o [1]
  .text              ro code  0x08005bd4     0x4  startup_stm32f10x_cl.o [1]
  .text              ro code  0x08005bd8     0x4  startup_stm32f10x_cl.o [1]
  .text              ro code  0x08005bdc     0x4  startup_stm32f10x_cl.o [1]
  .text              ro code  0x08005be0     0x4  startup_stm32f10x_cl.o [1]
  .text              ro code  0x08005be4     0x4  startup_stm32f10x_cl.o [1]
  .text              ro code  0x08005be8     0x4  startup_stm32f10x_cl.o [1]
  .text              ro code  0x08005bec     0x4  startup_stm32f10x_cl.o [1]
  .text              ro code  0x08005bf0     0x4  startup_stm32f10x_cl.o [1]
  .text              ro code  0x08005bf4     0x4  startup_stm32f10x_cl.o [1]
  .text              ro code  0x08005bf8     0x4  startup_stm32f10x_cl.o [1]
  .text              ro code  0x08005bfc     0x4  startup_stm32f10x_cl.o [1]
  .text              ro code  0x08005c00     0x4  startup_stm32f10x_cl.o [1]
  .text              ro code  0x08005c04     0x4  startup_stm32f10x_cl.o [1]
  .text              ro code  0x08005c08     0x4  startup_stm32f10x_cl.o [1]
  .text              ro code  0x08005c0c     0x4  startup_stm32f10x_cl.o [1]
  .text              ro code  0x08005c10     0x4  startup_stm32f10x_cl.o [1]
  .text              ro code  0x08005c14     0x4  startup_stm32f10x_cl.o [1]
  .text              ro code  0x08005c18     0x4  startup_stm32f10x_cl.o [1]
  .text              ro code  0x08005c1c     0x4  startup_stm32f10x_cl.o [1]
  .text              ro code  0x08005c20     0x4  startup_stm32f10x_cl.o [1]
  .text              ro code  0x08005c24     0x4  startup_stm32f10x_cl.o [1]
  .text              ro code  0x08005c28     0x4  startup_stm32f10x_cl.o [1]
  .text              ro code  0x08005c2c     0x4  startup_stm32f10x_cl.o [1]
  .text              ro code  0x08005c30     0x4  startup_stm32f10x_cl.o [1]
  .text              ro code  0x08005c34     0x4  startup_stm32f10x_cl.o [1]
  .text              ro code  0x08005c38     0x4  startup_stm32f10x_cl.o [1]
  .text              ro code  0x08005c3c     0x4  startup_stm32f10x_cl.o [1]
  .text              ro code  0x08005c40     0x4  startup_stm32f10x_cl.o [1]
  .text              ro code  0x08005c44     0x4  startup_stm32f10x_cl.o [1]
  .text              ro code  0x08005c48     0x4  startup_stm32f10x_cl.o [1]
  .text              ro code  0x08005c4c     0x4  startup_stm32f10x_cl.o [1]
  .text              ro code  0x08005c50     0x4  startup_stm32f10x_cl.o [1]
  .text              ro code  0x08005c54     0x4  startup_stm32f10x_cl.o [1]
  .text              ro code  0x08005c58     0x4  startup_stm32f10x_cl.o [1]
  .text              ro code  0x08005c5c     0x4  startup_stm32f10x_cl.o [1]
  .text              ro code  0x08005c60     0x4  startup_stm32f10x_cl.o [1]
  .text              ro code  0x08005c64     0x4  startup_stm32f10x_cl.o [1]
  .text              ro code  0x08005c68     0x4  startup_stm32f10x_cl.o [1]
  .text              ro code  0x08005c6c     0x4  startup_stm32f10x_cl.o [1]
  .text              ro code  0x08005c70     0x4  startup_stm32f10x_cl.o [1]
  .text              ro code  0x08005c74     0x4  startup_stm32f10x_cl.o [1]
  .text              ro code  0x08005c78     0x4  startup_stm32f10x_cl.o [1]
  .text              ro code  0x08005c7c     0x4  startup_stm32f10x_cl.o [1]
  .text              ro code  0x08005c80     0x4  startup_stm32f10x_cl.o [1]
  .text              ro code  0x08005c84     0x4  startup_stm32f10x_cl.o [1]
  .text              ro code  0x08005c88     0x4  startup_stm32f10x_cl.o [1]
  .text              ro code  0x08005c8c     0x4  startup_stm32f10x_cl.o [1]
  .text              ro code  0x08005c90     0x4  startup_stm32f10x_cl.o [1]
  .text              ro code  0x08005c94     0x4  startup_stm32f10x_cl.o [1]
  .rodata            const    0x08005c98     0x0  zero_init3.o [5]
  .rodata            const    0x08005c98     0x0  copy_init3.o [5]
                            - 0x08005c98  0x5b48

"P2", part 1 of 3:                          0x2c
  P2-1                        0x20000000    0x29  <Init block>
    .data            inited   0x20000000     0x4  app_tasks.o [1]
    .data            inited   0x20000004     0x4  app_tasks.o [1]
    .data            inited   0x20000008     0x4  app_tasks.o [1]
    .data            inited   0x2000000c    0x10  stm32f10x_rcc.o [1]
    .data            inited   0x2000001c     0x4  stm32f10x_rcc.o [1]
    .data            inited   0x20000020     0x4  system_stm32f10x.o [1]
    .data            inited   0x20000024     0x1  app_tasks.o [1]
    .data            inited   0x20000025     0x1  app_tasks.o [1]
    .data            inited   0x20000026     0x1  app_tasks.o [1]
    .data            inited   0x20000027     0x1  app_tasks.o [1]
    .data            inited   0x20000028     0x1  app_tasks.o [1]
                            - 0x20000029    0x29

"P2", part 2 of 3:                        0x2314
  .bss               zero     0x2000002c   0x400  app_tasks.o [1]
  .bss               zero     0x2000042c   0x400  app_tasks.o [1]
  .bss               zero     0x2000082c   0x400  main.o [1]
  .bss               zero     0x20000c2c   0x200  app_tasks.o [1]
  .bss               zero     0x20000e2c   0x200  app_tasks.o [1]
  .bss               zero     0x2000102c   0x200  app_tasks.o [1]
  .bss               zero     0x2000122c   0x200  os_cfg_app.o [1]
  .bss               zero     0x2000142c   0x200  os_cfg_app.o [1]
  .bss               zero     0x2000162c   0x200  os_var.o [1]
  .bss               zero     0x2000182c   0x190  os_cfg_app.o [1]
  .bss               zero     0x200019bc   0x180  os_cfg_app.o [1]
  .bss               zero     0x20001b3c   0x100  os_cfg_app.o [1]
  .bss               zero     0x20001c3c    0xa8  app_tasks.o [1]
  .bss               zero     0x20001ce4    0xa8  app_tasks.o [1]
  .bss               zero     0x20001d8c    0xa8  app_tasks.o [1]
  .bss               zero     0x20001e34    0xa8  app_tasks.o [1]
  .bss               zero     0x20001edc    0xa8  app_tasks.o [1]
  .bss               zero     0x20001f84    0xa8  main.o [1]
  .bss               zero     0x2000202c    0xa8  os_var.o [1]
  .bss               zero     0x200020d4    0xa8  os_var.o [1]
  .bss               zero     0x2000217c    0xa8  os_var.o [1]
  .bss               zero     0x20002224    0x18  app_tasks.o [1]
  .bss               zero     0x2000223c    0x18  app_tasks.o [1]
  .bss               zero     0x20002254    0x18  app_tasks.o [1]
  .bss               zero     0x2000226c    0x18  app_tasks.o [1]
  .bss               zero     0x20002284    0x18  os_var.o [1]
  .bss               zero     0x2000229c    0x10  os_var.o [1]
  .bss               zero     0x200022ac     0x8  os_var.o [1]
  .bss               zero     0x200022b4     0x8  os_var.o [1]
  .bss               zero     0x200022bc     0x4  app_tasks.o [1]
  .bss               zero     0x200022c0     0x4  app_tasks.o [1]
  .bss               zero     0x200022c4     0x4  app_tasks.o [1]
  .bss               zero     0x200022c8     0x4  app_tasks.o [1]
  .bss               zero     0x200022cc     0x4  os_cpu_c.o [1]
  .bss               zero     0x200022d0     0x4  os_cpu_c.o [1]
  .bss               zero     0x200022d4     0x4  os_var.o [1]
  .bss               zero     0x200022d8     0x4  os_var.o [1]
  .bss               zero     0x200022dc     0x4  os_var.o [1]
  .bss               zero     0x200022e0     0x4  os_var.o [1]
  .bss               zero     0x200022e4     0x4  os_var.o [1]
  .bss               zero     0x200022e8     0x4  os_var.o [1]
  .bss               zero     0x200022ec     0x4  os_var.o [1]
  .bss               zero     0x200022f0     0x4  os_var.o [1]
  .bss               zero     0x200022f4     0x4  os_var.o [1]
  .bss               zero     0x200022f8     0x4  os_var.o [1]
  .bss               zero     0x200022fc     0x4  os_var.o [1]
  .bss               zero     0x20002300     0x4  os_var.o [1]
  .bss               zero     0x20002304     0x4  os_var.o [1]
  .bss               zero     0x20002308     0x4  os_var.o [1]
  .bss               zero     0x2000230c     0x4  os_var.o [1]
  .bss               zero     0x20002310     0x4  os_var.o [1]
  .bss               zero     0x20002314     0x4  os_var.o [1]
  .bss               zero     0x20002318     0x4  os_var.o [1]
  .bss               zero     0x2000231c     0x4  os_var.o [1]
  .bss               zero     0x20002320     0x4  os_var.o [1]
  .bss               zero     0x20002324     0x4  os_var.o [1]
  .bss               zero     0x20002328     0x2  lcd.o [1]
  .bss               zero     0x2000232a     0x2  os_var.o [1]
  .bss               zero     0x2000232c     0x2  os_var.o [1]
  .bss               zero     0x2000232e     0x2  os_var.o [1]
  .bss               zero     0x20002330     0x1  app_tasks.o [1]
  .bss               zero     0x20002331     0x1  app_tasks.o [1]
  .bss               zero     0x20002332     0x1  app_tasks.o [1]
  .bss               zero     0x20002333     0x1  app_tasks.o [1]
  .bss               zero     0x20002334     0x1  app_tasks.o [1]
  .bss               zero     0x20002335     0x1  os_var.o [1]
  .bss               zero     0x20002336     0x1  os_var.o [1]
  .bss               zero     0x20002337     0x1  os_var.o [1]
  .bss               zero     0x20002338     0x1  os_var.o [1]
  .bss               zero     0x20002339     0x1  os_var.o [1]
  .bss               zero     0x2000233a     0x1  os_var.o [1]
  .bss               zero     0x2000233b     0x1  os_var.o [1]
  .bss               zero     0x2000233c     0x1  os_var.o [1]
  .bss               zero     0x2000233d     0x1  os_var.o [1]
  .bss               zero     0x2000233e     0x1  os_var.o [1]
                            - 0x2000233f  0x2313

"P2", part 3 of 3:                        0x1000
  CSTACK                      0x20002340  0x1000  <Block>
    CSTACK           uninit   0x20002340  0x1000  <Block tail>
                            - 0x20003340  0x1000


*******************************************************************************
*** INIT TABLE
***

          Address     Size
          -------     ----
Zero (__iar_zero_init3)
    1 destination range, total size 0x2313:
          0x2000002c  0x2313

Copy (__iar_copy_init3)
    1 source range, total size 0x2c (107% of destination):
          0x080058c4    0x2c
    1 destination range, total size 0x29:
          0x20000000    0x29



*******************************************************************************
*** MODULE SUMMARY
***

    Module                  ro code  ro data  rw data
    ------                  -------  -------  -------
C:\Users\pnu3\Desktop\deskproject\Embedded_System_TermProject\Debug\Obj: [1]
    app_tasks.o               2 064      419    4 558
    bsp.o                     1 032
    cpu_a.o                      84
    lcd.o                     2 392    4 088        2
    main.o                       88       16    1 192
    misc.o                      112
    os_cfg_app.o                  2       68    2 064
    os_core.o                 1 944
    os_cpu_a.o                  268
    os_cpu_c.o                  516                 8
    os_mem.o                      6
    os_msg.o                    440
    os_mutex.o                  676
    os_prio.o                   172
    os_q.o                      808
    os_stat.o                   600
    os_task.o                 1 364
    os_tick.o                   688
    os_time.o                   556
    os_tmr.o                  1 144
    os_var.o                                    1 172
    startup_stm32f10x_cl.o      632
    stm32f10x_adc.o             416
    stm32f10x_exti.o            192
    stm32f10x_gpio.o            332
    stm32f10x_it.o              256
    stm32f10x_rcc.o             360       20       20
    stm32f10x_tim.o             384
    stm32f10x_usart.o           420
    system_stm32f10x.o          420        4        4
    -------------------------------------------------
    Total:                   18 368    4 615    9 020

command line: [2]
    -------------------------------------------------
    Total:

dl7M_tln.a: [3]
    exit.o                        4
    low_level_init.o              4
    sprintf.o                    64
    xprintftiny.o               322
    xsprout.o                    10
    -------------------------------------------------
    Total:                      404

m7M_tl.a: [4]
    -------------------------------------------------
    Total:

rt7M_tl.a: [5]
    cexit.o                      10
    cmain.o                      30
    copy_init3.o                 44
    cstartup_M.o                 12
    data_init.o                  40
    strlen.o                     54
    zero_init3.o                 64
    -------------------------------------------------
    Total:                      254

shb_l.a: [6]
    exit.o                       20
    -------------------------------------------------
    Total:                       20

    Gaps                          4
    Linker created                        39    4 096
-----------------------------------------------------
    Grand Total:             19 050    4 654   13 116


*******************************************************************************
*** ENTRY LIST
***

Entry                      Address   Size  Type      Object
-----                      -------   ----  ----      ------
.iar.init_table$$Base   0x08005918          --   Gb  - Linker created -
.iar.init_table$$Limit  0x0800593c          --   Gb  - Linker created -
?main                   0x0800593d         Code  Gb  cmain.o [5]
ADCPrescTable           0x2000001c    0x4  Data  Lc  stm32f10x_rcc.o [1]
ADC_Cmd                 0x080026ab   0x1a  Code  Gb  stm32f10x_adc.o [1]
ADC_Configuration       0x08001659   0x62  Code  Gb  bsp.o [1]
ADC_GetCalibrationStatus
                        0x080026eb   0x12  Code  Gb  stm32f10x_adc.o [1]
ADC_GetConversionValue  0x080027dd    0x6  Code  Gb  stm32f10x_adc.o [1]
ADC_GetFlagStatus       0x080027ed   0x14  Code  Gb  stm32f10x_adc.o [1]
ADC_GetResetCalibrationStatus
                        0x080026cf   0x12  Code  Gb  stm32f10x_adc.o [1]
ADC_Init                0x08002661   0x4a  Code  Gb  stm32f10x_adc.o [1]
ADC_RegularChannelConfig
                        0x08002717   0xc6  Code  Gb  stm32f10x_adc.o [1]
ADC_ResetCalibration    0x080026c5    0xa  Code  Gb  stm32f10x_adc.o [1]
ADC_SoftwareStartConvCmd
                        0x080026fd   0x1a  Code  Gb  stm32f10x_adc.o [1]
ADC_StartCalibration    0x080026e1    0xa  Code  Gb  stm32f10x_adc.o [1]
APBAHBPrescTable        0x2000000c   0x10  Data  Lc  stm32f10x_rcc.o [1]
AppTaskStart            0x08001321  0x140  Code  Gb  app_tasks.o [1]
AppTaskStartStk         0x2000082c  0x400  Data  Lc  main.o [1]
AppTaskStartTCB         0x20001f84   0xa8  Data  Lc  main.o [1]
BSP_Init                0x0800183b   0x28  Code  Gb  bsp.o [1]
BluetoothRxQ            0x2000226c   0x18  Data  Gb  app_tasks.o [1]
BluetoothTaskStk        0x2000102c  0x200  Data  Gb  app_tasks.o [1]
BluetoothTaskTCB        0x20001edc   0xa8  Data  Gb  app_tasks.o [1]
Bluetooth_SendString    0x080018ed   0x62  Code  Gb  bsp.o [1]
Bluetooth_Task          0x08001309   0x18  Code  Gb  app_tasks.o [1]
BusFault_Handler        0x08005707    0x2  Code  Gb  stm32f10x_it.o [1]
CPU_CntLeadZeros        0x08002c93         Code  Gb  cpu_a.o [1]
CPU_CntTrailZeros       0x08002c99         Code  Gb  cpu_a.o [1]
CPU_IntDis              0x08002c55         Code  Gb  cpu_a.o [1]
CPU_IntEn               0x08002c59         Code  Gb  cpu_a.o [1]
CPU_RevBits             0x08002ca3         Code  Gb  cpu_a.o [1]
CPU_SR_Restore          0x08002c79         Code  Gb  cpu_a.o [1]
CPU_SR_Save             0x08002c5d         Code  Gb  cpu_a.o [1]
CPU_WaitForExcept       0x08002c8f         Code  Gb  cpu_a.o [1]
CPU_WaitForInt          0x08002c8b         Code  Gb  cpu_a.o [1]
CSTACK$$Base            0x20002340          --   Gb  - Linker created -
CSTACK$$Limit           0x20003340          --   Gb  - Linker created -
DebugMon_Handler        0x0800570d    0x2  Code  Gb  stm32f10x_it.o [1]
DeviceCode              0x20002328    0x2  Data  Gb  lcd.o [1]
DisplayTaskStk          0x2000042c  0x400  Data  Gb  app_tasks.o [1]
DisplayTaskTCB          0x20001e34   0xa8  Data  Gb  app_tasks.o [1]
Display_Task            0x0800114f  0x1ba  Code  Gb  app_tasks.o [1]
Display_Task::prev_idle
                        0x20000000    0x4  Data  Lc  app_tasks.o [1]
Display_Task::prev_pir_val
                        0x20000028    0x1  Data  Lc  app_tasks.o [1]
Display_Task::prev_state
                        0x20000027    0x1  Data  Lc  app_tasks.o [1]
Display_Task::prev_suspicious
                        0x20000004    0x4  Data  Lc  app_tasks.o [1]
Display_Task::prev_uptime
                        0x20000008    0x4  Data  Lc  app_tasks.o [1]
Display_Task::tick_100ms
                        0x20002334    0x1  Data  Lc  app_tasks.o [1]
Display_Task::uptime_sec
                        0x200022c8    0x4  Data  Lc  app_tasks.o [1]
EXTI0_IRQHandler        0x0800571f   0x1a  Code  Gb  stm32f10x_it.o [1]
EXTI_ClearITPendingBit  0x08002a25    0x6  Code  Gb  stm32f10x_exti.o [1]
EXTI_Configuration      0x08001725   0x28  Code  Gb  bsp.o [1]
EXTI_GetITStatus        0x08002a05   0x20  Code  Gb  stm32f10x_exti.o [1]
EXTI_Init               0x08002981   0x84  Code  Gb  stm32f10x_exti.o [1]
GBHZ_16                 0x08004b54  0x594  Data  Gb  lcd.o [1]
GPIO_Configuration      0x0800156d   0xec  Code  Gb  bsp.o [1]
GPIO_EXTILineConfig     0x08000b99   0x56  Code  Gb  stm32f10x_gpio.o [1]
GPIO_Init               0x08000aa9   0xc4  Code  Gb  stm32f10x_gpio.o [1]
GPIO_ReadInputData      0x08000b81    0x6  Code  Gb  stm32f10x_gpio.o [1]
GPIO_ReadInputDataBit   0x08000b6d   0x14  Code  Gb  stm32f10x_gpio.o [1]
GPIO_ResetBits          0x08000b8d    0x6  Code  Gb  stm32f10x_gpio.o [1]
GPIO_SetBits            0x08000b87    0x6  Code  Gb  stm32f10x_gpio.o [1]
GPIO_Write              0x08000b93    0x6  Code  Gb  stm32f10x_gpio.o [1]
HardFault_Handler       0x08005703    0x2  Code  Gb  stm32f10x_it.o [1]
LCD_Clear               0x080006a1   0x28  Code  Gb  lcd.o [1]
LCD_Configuration       0x080002a5   0x9c  Code  Lc  lcd.o [1]
LCD_Delay               0x08000341   0x26  Code  Lc  lcd.o [1]
LCD_Init                0x08000367  0x33a  Code  Gb  lcd.o [1]
LCD_ReadReg             0x080001ed   0x90  Code  Lc  lcd.o [1]
LCD_SetCursor           0x080006c9   0x3e  Code  Gb  lcd.o [1]
LCD_ShowChar            0x08000747  0x100  Code  Gb  lcd.o [1]
LCD_ShowCharString      0x08000847   0x58  Code  Gb  lcd.o [1]
LCD_ShowHzString        0x08000a27   0x62  Code  Gb  lcd.o [1]
LCD_ShowString          0x0800089f   0x5e  Code  Gb  lcd.o [1]
LCD_WR_DATA             0x0800019f   0x4e  Code  Lc  lcd.o [1]
LCD_WR_REG              0x08000151   0x4e  Code  Lc  lcd.o [1]
LCD_WindowMax           0x08000707   0x40  Code  Gb  lcd.o [1]
LCD_WriteRAM            0x0800029b    0xa  Code  Lc  lcd.o [1]
LCD_WriteRAM_Prepare    0x08000291    0xa  Code  Lc  lcd.o [1]
LCD_WriteReg            0x0800027d   0x14  Code  Lc  lcd.o [1]
LED_Set                 0x0800188b   0x2c  Code  Gb  bsp.o [1]
LightSensor_Read        0x080018b7   0x2a  Code  Gb  bsp.o [1]
MSG_TOUCH_RELEASE_CODE  0x0800441f    0x1  Data  Gb  app_tasks.o [1]
MSG_TOUCH_RESET_CODE    0x0800441e    0x1  Data  Gb  app_tasks.o [1]
MemManage_Handler       0x08005705    0x2  Code  Gb  stm32f10x_it.o [1]
NMI_Handler             0x08005701    0x2  Code  Gb  stm32f10x_it.o [1]
NVIC_Configuration      0x0800174d   0x5e  Code  Gb  bsp.o [1]
NVIC_Init               0x08002a41   0x60  Code  Gb  misc.o [1]
OSCfg_ISRStk            0x2000122c  0x200  Data  Gb  os_cfg_app.o [1]
OSCfg_ISRStkBasePtr     0x08005b4c    0x4  Data  Gb  os_cfg_app.o [1]
OSCfg_ISRStkSize        0x08005b50    0x4  Data  Gb  os_cfg_app.o [1]
OSCfg_IdleTaskStk       0x20001b3c  0x100  Data  Gb  os_cfg_app.o [1]
OSCfg_IdleTaskStkBasePtr
                        0x08005b40    0x4  Data  Gb  os_cfg_app.o [1]
OSCfg_IdleTaskStkLimit  0x08005b44    0x4  Data  Gb  os_cfg_app.o [1]
OSCfg_IdleTaskStkSize   0x08005b48    0x4  Data  Gb  os_cfg_app.o [1]
OSCfg_Init              0x0800441d    0x2  Code  Gb  os_cfg_app.o [1]
OSCfg_MsgPool           0x200019bc  0x180  Data  Gb  os_cfg_app.o [1]
OSCfg_MsgPoolBasePtr    0x08005b54    0x4  Data  Gb  os_cfg_app.o [1]
OSCfg_MsgPoolSize       0x08003d4a    0x2  Data  Gb  os_cfg_app.o [1]
OSCfg_StatTaskPrio      0x08004562    0x1  Data  Gb  os_cfg_app.o [1]
OSCfg_StatTaskRate_Hz   0x08005b58    0x4  Data  Gb  os_cfg_app.o [1]
OSCfg_StatTaskStk       0x2000182c  0x190  Data  Gb  os_cfg_app.o [1]
OSCfg_StatTaskStkBasePtr
                        0x08005b5c    0x4  Data  Gb  os_cfg_app.o [1]
OSCfg_StatTaskStkLimit  0x08005b60    0x4  Data  Gb  os_cfg_app.o [1]
OSCfg_StatTaskStkSize   0x08005b64    0x4  Data  Gb  os_cfg_app.o [1]
OSCfg_StkSizeMin        0x08005b68    0x4  Data  Gb  os_cfg_app.o [1]
OSCfg_TickRate_Hz       0x08005b6c    0x4  Data  Gb  os_cfg_app.o [1]
OSCfg_TmrTaskPrio       0x08004563    0x1  Data  Gb  os_cfg_app.o [1]
OSCfg_TmrTaskRate_Hz    0x08005b70    0x4  Data  Gb  os_cfg_app.o [1]
OSCfg_TmrTaskStk        0x2000142c  0x200  Data  Gb  os_cfg_app.o [1]
OSCfg_TmrTaskStkBasePtr
                        0x08005b74    0x4  Data  Gb  os_cfg_app.o [1]
OSCfg_TmrTaskStkLimit   0x08005b78    0x4  Data  Gb  os_cfg_app.o [1]
OSCfg_TmrTaskStkSize    0x08005b7c    0x4  Data  Gb  os_cfg_app.o [1]
OSCtxSw                 0x0800449f         Code  Gb  os_cpu_a.o [1]
OSISRStkFree            0x200022f0    0x4  Data  Gb  os_var.o [1]
OSISRStkUsed            0x200022f4    0x4  Data  Gb  os_var.o [1]
OSIdleTaskHook          0x08001f09   0x12  Code  Gb  os_cpu_c.o [1]
OSIdleTaskTCB           0x2000202c   0xa8  Data  Gb  os_var.o [1]
OSInit                  0x08002e61  0x122  Code  Gb  os_core.o [1]
OSInitHook              0x08001f1b   0x24  Code  Gb  os_cpu_c.o [1]
OSInitialized           0x20002337    0x1  Data  Gb  os_var.o [1]
OSIntCtxSw              0x0800449f         Code  Gb  os_cpu_a.o [1]
OSIntEnter              0x08002f83   0x24  Code  Gb  os_core.o [1]
OSIntExit               0x08002fa7   0xc0  Code  Gb  os_core.o [1]
OSIntNestingCtr         0x20002335    0x1  Data  Gb  os_var.o [1]
OSMsgPool               0x200022ac    0x8  Data  Gb  os_var.o [1]
OSMutexCreate           0x08003aa1   0x6a  Code  Gb  os_mutex.o [1]
OSMutexPend             0x08003b0b  0x17e  Code  Gb  os_mutex.o [1]
OSPrioCur               0x20002338    0x1  Data  Gb  os_var.o [1]
OSPrioHighRdy           0x20002339    0x1  Data  Gb  os_var.o [1]
OSPrioTbl               0x200022b4    0x8  Data  Gb  os_var.o [1]
OSQCreate               0x08001975   0x7c  Code  Gb  os_q.o [1]
OSQPend                 0x080019f1  0x196  Code  Gb  os_q.o [1]
OSQPost                 0x08001b87  0x102  Code  Gb  os_q.o [1]
OSRdyList               0x2000162c  0x200  Data  Gb  os_var.o [1]
OSRunning               0x20002336    0x1  Data  Gb  os_var.o [1]
OSSched                 0x08003067   0x94  Code  Gb  os_core.o [1]
OSSchedLockNestingCtr   0x2000233a    0x1  Data  Gb  os_var.o [1]
OSSchedRoundRobinDfltTimeQuanta
                        0x200022f8    0x4  Data  Gb  os_var.o [1]
OSSchedRoundRobinEn     0x2000233b    0x1  Data  Gb  os_var.o [1]
OSStart                 0x080030fb   0x8e  Code  Gb  os_core.o [1]
OSStartHighRdy          0x08004421         Code  Gb  os_cpu_a.o [1]
OSStatReset             0x08003d4d   0x1c  Code  Gb  os_stat.o [1]
OSStatResetFlag         0x2000233c    0x1  Data  Gb  os_var.o [1]
OSStatTaskCPUUsage      0x2000232a    0x2  Data  Gb  os_var.o [1]
OSStatTaskCPUUsageMax   0x2000232c    0x2  Data  Gb  os_var.o [1]
OSStatTaskCtr           0x200022fc    0x4  Data  Gb  os_var.o [1]
OSStatTaskCtrMax        0x20002300    0x4  Data  Gb  os_var.o [1]
OSStatTaskCtrRun        0x20002304    0x4  Data  Gb  os_var.o [1]
OSStatTaskHook          0x08001f3f   0x12  Code  Gb  os_cpu_c.o [1]
OSStatTaskRdy           0x2000233d    0x1  Data  Gb  os_var.o [1]
OSStatTaskTCB           0x200020d4   0xa8  Data  Gb  os_var.o [1]
OSTCBCurPtr             0x20002320    0x4  Data  Gb  os_var.o [1]
OSTCBHighRdyPtr         0x20002324    0x4  Data  Gb  os_var.o [1]
OSTaskCreate            0x0800210d  0x1aa  Code  Gb  os_task.o [1]
OSTaskCreateHook        0x08001f51   0x12  Code  Gb  os_cpu_c.o [1]
OSTaskCtxSwCtr          0x20002308    0x4  Data  Gb  os_var.o [1]
OSTaskDel               0x080022b7  0x17e  Code  Gb  os_task.o [1]
OSTaskDelHook           0x08001f63   0x12  Code  Gb  os_cpu_c.o [1]
OSTaskQty               0x2000232e    0x2  Data  Gb  os_var.o [1]
OSTaskRegNextAvailID    0x2000233e    0x1  Data  Gb  os_var.o [1]
OSTaskReturnHook        0x08001f75   0x12  Code  Gb  os_cpu_c.o [1]
OSTaskStkInit           0x08001f87   0x8a  Code  Gb  os_cpu_c.o [1]
OSTaskSwHook            0x08002011   0x54  Code  Gb  os_cpu_c.o [1]
OSTickCtr               0x2000230c    0x4  Data  Gb  os_var.o [1]
OSTickList              0x20002310    0x4  Data  Gb  os_var.o [1]
OSTimeDly               0x08001c9d   0x90  Code  Gb  os_time.o [1]
OSTimeDlyHMSM           0x08001d2d  0x15a  Code  Gb  os_time.o [1]
OSTimeTick              0x08001e87   0x24  Code  Gb  os_time.o [1]
OSTimeTickHook          0x08002065   0x12  Code  Gb  os_cpu_c.o [1]
OSTmrCond               0x2000229c   0x10  Data  Gb  os_var.o [1]
OSTmrListPtr            0x20002314    0x4  Data  Gb  os_var.o [1]
OSTmrMutex              0x20002284   0x18  Data  Gb  os_var.o [1]
OSTmrTaskTCB            0x2000217c   0xa8  Data  Gb  os_var.o [1]
OSTmrTaskTickBase       0x20002318    0x4  Data  Gb  os_var.o [1]
OSTmrToTicksMult        0x2000231c    0x4  Data  Gb  os_var.o [1]
OS_AppIdleTaskHookPtr   0x200022e0    0x4  Data  Gb  os_var.o [1]
OS_AppStatTaskHookPtr   0x200022e4    0x4  Data  Gb  os_var.o [1]
OS_AppTaskCreateHookPtr
                        0x200022d4    0x4  Data  Gb  os_var.o [1]
OS_AppTaskDelHookPtr    0x200022d8    0x4  Data  Gb  os_var.o [1]
OS_AppTaskReturnHookPtr
                        0x200022dc    0x4  Data  Gb  os_var.o [1]
OS_AppTaskSwHookPtr     0x200022e8    0x4  Data  Gb  os_var.o [1]
OS_AppTimeTickHookPtr   0x200022ec    0x4  Data  Gb  os_var.o [1]
OS_CPU_ExceptStkBase    0x200022cc    0x4  Data  Gb  os_cpu_c.o [1]
OS_CPU_PendSVHandler    0x080044a7         Code  Gb  os_cpu_a.o [1]
OS_CPU_SysTickHandler   0x08002077   0x20  Code  Gb  os_cpu_c.o [1]
OS_CPU_SysTickInit      0x08002097   0x32  Code  Gb  os_cpu_c.o [1]
OS_IdleTask             0x08003189   0x22  Code  Gb  os_core.o [1]
OS_IdleTaskInit         0x080031ab   0x46  Code  Gb  os_core.o [1]
OS_KA_BASEPRI_Boundary  0x200022d0    0x4  Data  Gb  os_cpu_c.o [1]
OS_MemInit              0x08003d45    0x6  Code  Gb  os_mem.o [1]
OS_MsgPoolInit          0x08002ca9   0x7c  Code  Gb  os_msg.o [1]
OS_MsgQFreeAll          0x08002d25   0x40  Code  Gb  os_msg.o [1]
OS_MsgQGet              0x08002d75   0x60  Code  Gb  os_msg.o [1]
OS_MsgQInit             0x08002d65   0x10  Code  Gb  os_msg.o [1]
OS_MsgQPut              0x08002dd5   0x7e  Code  Gb  os_msg.o [1]
OS_MutexGrpAdd          0x08003c9d    0x8  Code  Gb  os_mutex.o [1]
OS_MutexGrpPostAll      0x08003cf3   0x52  Code  Gb  os_mutex.o [1]
OS_MutexGrpPrioFindHighest
                        0x08003cbb   0x38  Code  Gb  os_mutex.o [1]
OS_MutexGrpRemove       0x08003ca5   0x16  Code  Gb  os_mutex.o [1]
OS_Pend                 0x080031f1   0x2e  Code  Gb  os_core.o [1]
OS_PendListChangePrio   0x0800321f   0x22  Code  Gb  os_core.o [1]
OS_PendListInit         0x08003241    0xa  Code  Gb  os_core.o [1]
OS_PendListInsertPrio   0x0800324b   0x68  Code  Gb  os_core.o [1]
OS_PendListRemove       0x080032b3   0x52  Code  Gb  os_core.o [1]
OS_Post                 0x08003305   0x92  Code  Gb  os_core.o [1]
OS_PrioGetHighest       0x08003a09   0x24  Code  Gb  os_prio.o [1]
OS_PrioInit             0x080039f5   0x14  Code  Gb  os_prio.o [1]
OS_PrioInsert           0x08003a2d   0x36  Code  Gb  os_prio.o [1]
OS_PrioRemove           0x08003a63   0x3a  Code  Gb  os_prio.o [1]
OS_RdyListInit          0x08003397   0x1a  Code  Gb  os_core.o [1]
OS_RdyListInsert        0x080033b1   0x28  Code  Gb  os_core.o [1]
OS_RdyListInsertHead    0x080033d9   0x2e  Code  Gb  os_core.o [1]
OS_RdyListInsertTail    0x08003407   0x2c  Code  Gb  os_core.o [1]
OS_RdyListMoveHeadToTail
                        0x08003433   0x44  Code  Gb  os_core.o [1]
OS_RdyListRemove        0x08003477   0x4a  Code  Gb  os_core.o [1]
OS_SchedRoundRobin      0x080034c1   0x8e  Code  Gb  os_core.o [1]
OS_StatTask             0x08003d69  0x13e  Code  Gb  os_stat.o [1]
OS_StatTaskInit         0x08003ea7   0x9c  Code  Gb  os_stat.o [1]
OS_TaskBlock            0x0800354f   0x2c  Code  Gb  os_core.o [1]
OS_TaskChangePrio       0x08002571   0xe4  Code  Gb  os_task.o [1]
OS_TaskInit             0x08002455   0x12  Code  Gb  os_task.o [1]
OS_TaskInitTCB          0x08002467   0xf6  Code  Gb  os_task.o [1]
OS_TaskReturn           0x0800255d   0x14  Code  Gb  os_task.o [1]
OS_TickInit             0x080035f9   0x12  Code  Gb  os_tick.o [1]
OS_TickListInsert       0x08003631   0x96  Code  Gb  os_tick.o [1]
OS_TickListInsertDly    0x080036c7   0x7a  Code  Gb  os_tick.o [1]
OS_TickListRemove       0x08003741   0x52  Code  Gb  os_tick.o [1]
OS_TickListUpdate       0x08003793  0x10c  Code  Lc  os_tick.o [1]
OS_TickUpdate           0x0800360b   0x26  Code  Gb  os_tick.o [1]
OS_TmrCondCreate        0x0800428d   0x26  Code  Lc  os_tmr.o [1]
OS_TmrCondSignal        0x0800439f   0x34  Code  Lc  os_tmr.o [1]
OS_TmrCondWait          0x080042b3   0xec  Code  Lc  os_tmr.o [1]
OS_TmrInit              0x08003fa5   0xbc  Code  Gb  os_tmr.o [1]
OS_TmrLink              0x08004061   0xa0  Code  Gb  os_tmr.o [1]
OS_TmrLock              0x08004279   0x14  Code  Lc  os_tmr.o [1]
OS_TmrTask              0x080041a9   0xd0  Code  Gb  os_tmr.o [1]
OS_TmrUnlink            0x08004101   0xa6  Code  Gb  os_tmr.o [1]
PIR_Read                0x080018e1    0xc  Code  Gb  bsp.o [1]
PIR_Task                0x08000d5d  0x18c  Code  Gb  app_tasks.o [1]
PIR_Task::prev_pir_val  0x20000025    0x1  Data  Lc  app_tasks.o [1]
PIR_Task{4}{5}::prev_category
                        0x20000026    0x1  Data  Lc  app_tasks.o [1]
PIR_Task{4}{5}{11}{12}::report_tick
                        0x20002332    0x1  Data  Lc  app_tasks.o [1]
PendSV_Handler          0x0800570f    0x8  Code  Gb  stm32f10x_it.o [1]
PirDataQ                0x20002224   0x18  Data  Gb  app_tasks.o [1]
PirTaskStk              0x2000002c  0x400  Data  Gb  app_tasks.o [1]
PirTaskTCB              0x20001c3c   0xa8  Data  Gb  app_tasks.o [1]
RCC_APB1PeriphClockCmd  0x08000d19   0x20  Code  Gb  stm32f10x_rcc.o [1]
RCC_APB2PeriphClockCmd  0x08000cf9   0x20  Code  Gb  stm32f10x_rcc.o [1]
RCC_GetClocksFreq       0x08000bf5  0x104  Code  Gb  stm32f10x_rcc.o [1]
Region$$Table$$Base     0x08005918          --   Gb  - Linker created -
Region$$Table$$Limit    0x0800593c          --   Gb  - Linker created -
SVC_Handler             0x0800570b    0x2  Code  Gb  stm32f10x_it.o [1]
ServoQ                  0x20002254   0x18  Data  Gb  app_tasks.o [1]
ServoTaskStk            0x20000e2c  0x200  Data  Gb  app_tasks.o [1]
ServoTaskTCB            0x20001d8c   0xa8  Data  Gb  app_tasks.o [1]
Servo_SetAngle          0x08001863   0x28  Code  Gb  bsp.o [1]
Servo_Task              0x080010d7   0x78  Code  Gb  app_tasks.o [1]
SetSysClock             0x080055c3    0x8  Code  Lc  system_stm32f10x.o [1]
SetSysClockTo72         0x080055cb  0x110  Code  Lc  system_stm32f10x.o [1]
StateQ                  0x2000223c   0x18  Data  Gb  app_tasks.o [1]
StatusTaskStk           0x20000c2c  0x200  Data  Gb  app_tasks.o [1]
StatusTaskTCB           0x20001ce4   0xa8  Data  Gb  app_tasks.o [1]
Status_Task             0x08000ee9  0x1ee  Code  Gb  app_tasks.o [1]
Status_Task::action_triggered
                        0x20002333    0x1  Data  Lc  app_tasks.o [1]
Status_Task::away_timer
                        0x200022c4    0x4  Data  Lc  app_tasks.o [1]
SysTick_Handler         0x08005717    0x8  Code  Gb  stm32f10x_it.o [1]
SystemCoreClock         0x20000020    0x4  Data  Gb  system_stm32f10x.o [1]
SystemInit              0x0800555d   0x66  Code  Gb  system_stm32f10x.o [1]
TIM_Cmd                 0x08002927   0x1c  Code  Gb  stm32f10x_tim.o [1]
TIM_Configuration       0x080016bb   0x6a  Code  Gb  bsp.o [1]
TIM_OC1Init             0x08002893   0x94  Code  Gb  stm32f10x_tim.o [1]
TIM_OC1PreloadConfig    0x08002943   0x10  Code  Gb  stm32f10x_tim.o [1]
TIM_SetCompare1         0x08002953    0x4  Code  Gb  stm32f10x_tim.o [1]
TIM_TimeBaseInit        0x08002801   0x92  Code  Gb  stm32f10x_tim.o [1]
USART1_IRQHandler       0x08005739   0x50  Code  Gb  stm32f10x_it.o [1]
USART1_Init             0x080017ab   0x48  Code  Gb  bsp.o [1]
USART2_IRQHandler       0x08005789   0x68  Code  Gb  stm32f10x_it.o [1]
USART2_Init             0x080017f3   0x48  Code  Gb  bsp.o [1]
USART_ClearITPendingBit
                        0x08002c3f   0x16  Code  Gb  stm32f10x_usart.o [1]
USART_Cmd               0x08002b6d   0x1c  Code  Gb  stm32f10x_usart.o [1]
USART_GetITStatus       0x08002be3   0x5c  Code  Gb  stm32f10x_usart.o [1]
USART_ITConfig          0x08002b89   0x4a  Code  Gb  stm32f10x_usart.o [1]
USART_Init              0x08002ab1   0xb6  Code  Gb  stm32f10x_usart.o [1]
USART_ReceiveData       0x08002bdb    0x8  Code  Gb  stm32f10x_usart.o [1]
USART_SendData          0x08002bd3    0x8  Code  Gb  stm32f10x_usart.o [1]
UsageFault_Handler      0x08005709    0x2  Code  Gb  stm32f10x_it.o [1]
WriteOneHz              0x08000945   0xe2  Code  Lc  lcd.o [1]
_PrintfTiny             0x080038c5  0x126  Code  Gb  xprintftiny.o [3]
_SProut                 0x080039eb    0xa  Code  Gb  xsprout.o [3]
__cmain                 0x0800593d         Code  Gb  cmain.o [5]
__exit                  0x08005971   0x14  Code  Gb  exit.o [6]
__iar_copy_init3        0x08005899   0x2c  Code  Gb  copy_init3.o [5]
__iar_data_init3        0x080058f1   0x28  Code  Gb  data_init.o [5]
__iar_program_start     0x08005aed         Code  Gb  cstartup_M.o [5]
__iar_systems$$module {Abs}
                        0x00000001         Data  Gb  command line/config [2]
__iar_zero_init3        0x08005859   0x40  Code  Gb  zero_init3.o [5]
__low_level_init        0x0800595b    0x4  Code  Gb  low_level_init.o [3]
__vector_table          0x08000000         Data  Gb  startup_stm32f10x_cl.o [1]
_call_main              0x08005949         Code  Gb  cmain.o [5]
_exit                   0x08005965         Code  Gb  cexit.o [5]
_main                   0x08005957         Code  Gb  cmain.o [5]
asc2_1206               0x080050e8  0x474  Data  Gb  lcd.o [1]
asc2_1608               0x08004564  0x5f0  Data  Gb  lcd.o [1]
current_state           0x20000024    0x1  Data  Gb  app_tasks.o [1]
exit                    0x0800595f    0x4  Code  Gb  exit.o [3]
findHzIndex             0x080008fd   0x48  Code  Lc  lcd.o [1]
g_debug_pir_val         0x20002330    0x1  Data  Gb  app_tasks.o [1]
g_touch_event           0x20002331    0x1  Data  Gb  app_tasks.o [1]
idle_counter            0x200022bc    0x4  Data  Gb  app_tasks.o [1]
main                    0x08005801   0x58  Code  Gb  main.o [1]
out                     0x080038a9   0x1c  Code  Lc  xprintftiny.o [3]
sprintf                 0x08001ec9   0x40  Code  Gb  sprintf.o [3]
strlen                  0x0800452d         Code  Gb  strlen.o [5]
suspicious_counter      0x200022c0    0x4  Data  Gb  app_tasks.o [1]


[1] = C:\Users\pnu3\Desktop\deskproject\Embedded_System_TermProject\Debug\Obj
[2] = command line
[3] = dl7M_tln.a
[4] = m7M_tl.a
[5] = rt7M_tl.a
[6] = shb_l.a

  19 050 bytes of readonly  code memory
   4 654 bytes of readonly  data memory
  13 116 bytes of readwrite data memory

Errors: none
Warnings: none
